Archive member included to satisfy reference by file (symbol)

hw_include/libdriver.a(gpio_dirmodeset_.o)
                              gcc/main.o (GPIODirModeSet)
hw_include/libdriver.a(gpio_inttypeset_.o)
                              gcc/main.o (GPIOIntTypeSet)
hw_include/libdriver.a(gpio_pinintclear_.o)
                              gcc/main.o (GPIOPinIntClear)
hw_include/libdriver.a(gpio_pinintenable_.o)
                              gcc/main.o (GPIOPinIntEnable)
hw_include/libdriver.a(gpio_pintypei2c_.o)
                              gcc/osram96x16.o (GPIOPinTypeI2C)
hw_include/libdriver.a(i2c_mastercontrol_.o)
                              gcc/osram96x16.o (I2CMasterControl)
hw_include/libdriver.a(i2c_masterdataput_.o)
                              gcc/osram96x16.o (I2CMasterDataPut)
hw_include/libdriver.a(i2c_masterinit_.o)
                              gcc/osram96x16.o (I2CMasterInit)
hw_include/libdriver.a(i2c_masterintstatus_.o)
                              gcc/osram96x16.o (I2CMasterIntStatus)
hw_include/libdriver.a(i2c_masterslaveaddrset_.o)
                              gcc/osram96x16.o (I2CMasterSlaveAddrSet)
hw_include/libdriver.a(interrupt_enable_.o)
                              gcc/main.o (IntEnable)
hw_include/libdriver.a(interrupt_priorityset_.o)
                              gcc/main.o (IntPrioritySet)
hw_include/libdriver.a(interrupt_pulregs_.o)
                              hw_include/libdriver.a(interrupt_priorityset_.o) (g_pulRegs)
hw_include/libdriver.a(sysctl_clockget_.o)
                              hw_include/libdriver.a(i2c_masterinit_.o) (SysCtlClockGet)
hw_include/libdriver.a(sysctl_clockset_.o)
                              gcc/main.o (SysCtlClockSet)
hw_include/libdriver.a(sysctl_peripheralenable_.o)
                              gcc/main.o (SysCtlPeripheralEnable)
hw_include/libdriver.a(sysctl_pulrcgcregs_.o)
                              hw_include/libdriver.a(sysctl_peripheralenable_.o) (g_pulRCGCRegs)
hw_include/libdriver.a(sysctl_pulxtals_.o)
                              hw_include/libdriver.a(sysctl_clockget_.o) (g_pulXtals)
hw_include/libdriver.a(uart_charnonblockingget_.o)
                              gcc/serialISR.o (UARTCharNonBlockingGet)
hw_include/libdriver.a(uart_charput_.o)
                              gcc/serial.o (UARTCharPut)
hw_include/libdriver.a(uart_configset_.o)
                              gcc/main.o (UARTConfigSet)
hw_include/libdriver.a(uart_disable_.o)
                              hw_include/libdriver.a(uart_configset_.o) (UARTDisable)
hw_include/libdriver.a(uart_enable_.o)
                              hw_include/libdriver.a(uart_configset_.o) (UARTEnable)
hw_include/libdriver.a(uart_intclear_.o)
                              gcc/serialISR.o (UARTIntClear)
hw_include/libdriver.a(uart_intdisable_.o)
                              gcc/serialISR.o (UARTIntDisable)
hw_include/libdriver.a(uart_intenable_.o)
                              gcc/serial.o (UARTIntEnable)
hw_include/libdriver.a(uart_intstatus_.o)
                              gcc/serialISR.o (UARTIntStatus)
hw_include/libdriver.a(gpio_padconfigset_.o)
                              hw_include/libdriver.a(gpio_pintypei2c_.o) (GPIOPadConfigSet)
hw_include/libdriver.a(i2c_masterenable_.o)
                              hw_include/libdriver.a(i2c_masterinit_.o) (I2CMasterEnable)
/opt/cross-compile/gcc-arm-none-eabi-10.3-2021.10/bin/../lib/gcc/arm-none-eabi/10.3.1/../../../../arm-none-eabi/lib/thumb/nofp/libc.a(lib_a-memcpy-stub.o)
                              gcc/cli.o (memcpy)
/opt/cross-compile/gcc-arm-none-eabi-10.3-2021.10/bin/../lib/gcc/arm-none-eabi/10.3.1/../../../../arm-none-eabi/lib/thumb/nofp/libc.a(lib_a-memset.o)
                              gcc/UARTCommandConsole.o (memset)
/opt/cross-compile/gcc-arm-none-eabi-10.3-2021.10/bin/../lib/gcc/arm-none-eabi/10.3.1/../../../../arm-none-eabi/lib/thumb/nofp/libc.a(lib_a-strcpy.o)
                              gcc/UARTCommandConsole.o (strcpy)
/opt/cross-compile/gcc-arm-none-eabi-10.3-2021.10/bin/../lib/gcc/arm-none-eabi/10.3.1/../../../../arm-none-eabi/lib/thumb/nofp/libc.a(lib_a-strlen-stub.o)
                              gcc/FreeRTOS_CLI.o (strlen)
/opt/cross-compile/gcc-arm-none-eabi-10.3-2021.10/bin/../lib/gcc/arm-none-eabi/10.3.1/../../../../arm-none-eabi/lib/thumb/nofp/libc.a(lib_a-strncmp.o)
                              gcc/FreeRTOS_CLI.o (strncmp)
/opt/cross-compile/gcc-arm-none-eabi-10.3-2021.10/bin/../lib/gcc/arm-none-eabi/10.3.1/../../../../arm-none-eabi/lib/thumb/nofp/libc.a(lib_a-strncpy.o)
                              gcc/FreeRTOS_CLI.o (strncpy)

Discarded input sections

 .data          0x0000000000000000        0x0 gcc/startup.o
 .data          0x0000000000000000        0x0 gcc/main.o
 .data          0x0000000000000000        0x0 gcc/UARTCommandConsole.o
 .data          0x0000000000000000        0x0 gcc/printf-stdarg.o
 .data          0x0000000000000000        0x0 gcc/cli.o
 .bss           0x0000000000000000        0x0 gcc/cli.o
 .data          0x0000000000000000        0x0 gcc/list.o
 .bss           0x0000000000000000        0x0 gcc/list.o
 .data          0x0000000000000000        0x0 gcc/queue.o
 .bss           0x0000000000000000        0x0 gcc/queue.o
 .data          0x0000000000000000        0x0 gcc/heap_1.o
 .data          0x0000000000000000        0x0 gcc/serialISR.o
 .data          0x0000000000000000        0x0 gcc/serial.o
 .text          0x0000000000000000      0x370 gcc/osram96x16.o
 .data          0x0000000000000000        0x0 gcc/osram96x16.o
 .bss           0x0000000000000000        0x4 gcc/osram96x16.o
 .rodata        0x0000000000000000      0x25d gcc/osram96x16.o
 .debug_info    0x0000000000000000      0x8f6 gcc/osram96x16.o
 .debug_abbrev  0x0000000000000000      0x137 gcc/osram96x16.o
 .debug_loc     0x0000000000000000      0x39c gcc/osram96x16.o
 .debug_aranges
                0x0000000000000000       0x20 gcc/osram96x16.o
 .debug_line    0x0000000000000000      0x3a9 gcc/osram96x16.o
 .debug_str     0x0000000000000000      0x280 gcc/osram96x16.o
 .comment       0x0000000000000000       0x4a gcc/osram96x16.o
 .debug_frame   0x0000000000000000      0x15c gcc/osram96x16.o
 .ARM.attributes
                0x0000000000000000       0x2d gcc/osram96x16.o
 .data          0x0000000000000000        0x0 hw_include/libdriver.a(gpio_dirmodeset_.o)
 .bss           0x0000000000000000        0x0 hw_include/libdriver.a(gpio_dirmodeset_.o)
 .data          0x0000000000000000        0x0 hw_include/libdriver.a(gpio_inttypeset_.o)
 .bss           0x0000000000000000        0x0 hw_include/libdriver.a(gpio_inttypeset_.o)
 .data          0x0000000000000000        0x0 hw_include/libdriver.a(gpio_pinintclear_.o)
 .bss           0x0000000000000000        0x0 hw_include/libdriver.a(gpio_pinintclear_.o)
 .data          0x0000000000000000        0x0 hw_include/libdriver.a(gpio_pinintenable_.o)
 .bss           0x0000000000000000        0x0 hw_include/libdriver.a(gpio_pinintenable_.o)
 .text          0x0000000000000000       0x20 hw_include/libdriver.a(gpio_pintypei2c_.o)
 .data          0x0000000000000000        0x0 hw_include/libdriver.a(gpio_pintypei2c_.o)
 .bss           0x0000000000000000        0x0 hw_include/libdriver.a(gpio_pintypei2c_.o)
 .comment       0x0000000000000000       0x22 hw_include/libdriver.a(gpio_pintypei2c_.o)
 .ARM.attributes
                0x0000000000000000       0x31 hw_include/libdriver.a(gpio_pintypei2c_.o)
 .text          0x0000000000000000        0x4 hw_include/libdriver.a(i2c_mastercontrol_.o)
 .data          0x0000000000000000        0x0 hw_include/libdriver.a(i2c_mastercontrol_.o)
 .bss           0x0000000000000000        0x0 hw_include/libdriver.a(i2c_mastercontrol_.o)
 .comment       0x0000000000000000       0x22 hw_include/libdriver.a(i2c_mastercontrol_.o)
 .ARM.attributes
                0x0000000000000000       0x31 hw_include/libdriver.a(i2c_mastercontrol_.o)
 .text          0x0000000000000000        0x4 hw_include/libdriver.a(i2c_masterdataput_.o)
 .data          0x0000000000000000        0x0 hw_include/libdriver.a(i2c_masterdataput_.o)
 .bss           0x0000000000000000        0x0 hw_include/libdriver.a(i2c_masterdataput_.o)
 .comment       0x0000000000000000       0x22 hw_include/libdriver.a(i2c_masterdataput_.o)
 .ARM.attributes
                0x0000000000000000       0x31 hw_include/libdriver.a(i2c_masterdataput_.o)
 .text          0x0000000000000000       0x34 hw_include/libdriver.a(i2c_masterinit_.o)
 .data          0x0000000000000000        0x0 hw_include/libdriver.a(i2c_masterinit_.o)
 .bss           0x0000000000000000        0x0 hw_include/libdriver.a(i2c_masterinit_.o)
 .comment       0x0000000000000000       0x22 hw_include/libdriver.a(i2c_masterinit_.o)
 .ARM.attributes
                0x0000000000000000       0x31 hw_include/libdriver.a(i2c_masterinit_.o)
 .text          0x0000000000000000       0x18 hw_include/libdriver.a(i2c_masterintstatus_.o)
 .data          0x0000000000000000        0x0 hw_include/libdriver.a(i2c_masterintstatus_.o)
 .bss           0x0000000000000000        0x0 hw_include/libdriver.a(i2c_masterintstatus_.o)
 .comment       0x0000000000000000       0x22 hw_include/libdriver.a(i2c_masterintstatus_.o)
 .ARM.attributes
                0x0000000000000000       0x31 hw_include/libdriver.a(i2c_masterintstatus_.o)
 .text          0x0000000000000000        0x8 hw_include/libdriver.a(i2c_masterslaveaddrset_.o)
 .data          0x0000000000000000        0x0 hw_include/libdriver.a(i2c_masterslaveaddrset_.o)
 .bss           0x0000000000000000        0x0 hw_include/libdriver.a(i2c_masterslaveaddrset_.o)
 .comment       0x0000000000000000       0x22 hw_include/libdriver.a(i2c_masterslaveaddrset_.o)
 .ARM.attributes
                0x0000000000000000       0x31 hw_include/libdriver.a(i2c_masterslaveaddrset_.o)
 .data          0x0000000000000000        0x0 hw_include/libdriver.a(interrupt_enable_.o)
 .bss           0x0000000000000000        0x0 hw_include/libdriver.a(interrupt_enable_.o)
 .data          0x0000000000000000        0x0 hw_include/libdriver.a(interrupt_priorityset_.o)
 .bss           0x0000000000000000        0x0 hw_include/libdriver.a(interrupt_priorityset_.o)
 .text          0x0000000000000000        0x0 hw_include/libdriver.a(interrupt_pulregs_.o)
 .data          0x0000000000000000        0x0 hw_include/libdriver.a(interrupt_pulregs_.o)
 .bss           0x0000000000000000        0x0 hw_include/libdriver.a(interrupt_pulregs_.o)
 .data          0x0000000000000000        0x0 hw_include/libdriver.a(sysctl_clockget_.o)
 .bss           0x0000000000000000        0x0 hw_include/libdriver.a(sysctl_clockget_.o)
 .data          0x0000000000000000        0x0 hw_include/libdriver.a(sysctl_clockset_.o)
 .bss           0x0000000000000000        0x0 hw_include/libdriver.a(sysctl_clockset_.o)
 .data          0x0000000000000000        0x0 hw_include/libdriver.a(sysctl_peripheralenable_.o)
 .bss           0x0000000000000000        0x0 hw_include/libdriver.a(sysctl_peripheralenable_.o)
 .text          0x0000000000000000        0x0 hw_include/libdriver.a(sysctl_pulrcgcregs_.o)
 .data          0x0000000000000000        0x0 hw_include/libdriver.a(sysctl_pulrcgcregs_.o)
 .bss           0x0000000000000000        0x0 hw_include/libdriver.a(sysctl_pulrcgcregs_.o)
 .text          0x0000000000000000        0x0 hw_include/libdriver.a(sysctl_pulxtals_.o)
 .data          0x0000000000000000        0x0 hw_include/libdriver.a(sysctl_pulxtals_.o)
 .bss           0x0000000000000000        0x0 hw_include/libdriver.a(sysctl_pulxtals_.o)
 .data          0x0000000000000000        0x0 hw_include/libdriver.a(uart_charnonblockingget_.o)
 .bss           0x0000000000000000        0x0 hw_include/libdriver.a(uart_charnonblockingget_.o)
 .data          0x0000000000000000        0x0 hw_include/libdriver.a(uart_charput_.o)
 .bss           0x0000000000000000        0x0 hw_include/libdriver.a(uart_charput_.o)
 .data          0x0000000000000000        0x0 hw_include/libdriver.a(uart_configset_.o)
 .bss           0x0000000000000000        0x0 hw_include/libdriver.a(uart_configset_.o)
 .data          0x0000000000000000        0x0 hw_include/libdriver.a(uart_disable_.o)
 .bss           0x0000000000000000        0x0 hw_include/libdriver.a(uart_disable_.o)
 .data          0x0000000000000000        0x0 hw_include/libdriver.a(uart_enable_.o)
 .bss           0x0000000000000000        0x0 hw_include/libdriver.a(uart_enable_.o)
 .data          0x0000000000000000        0x0 hw_include/libdriver.a(uart_intclear_.o)
 .bss           0x0000000000000000        0x0 hw_include/libdriver.a(uart_intclear_.o)
 .data          0x0000000000000000        0x0 hw_include/libdriver.a(uart_intdisable_.o)
 .bss           0x0000000000000000        0x0 hw_include/libdriver.a(uart_intdisable_.o)
 .data          0x0000000000000000        0x0 hw_include/libdriver.a(uart_intenable_.o)
 .bss           0x0000000000000000        0x0 hw_include/libdriver.a(uart_intenable_.o)
 .data          0x0000000000000000        0x0 hw_include/libdriver.a(uart_intstatus_.o)
 .bss           0x0000000000000000        0x0 hw_include/libdriver.a(uart_intstatus_.o)
 .text          0x0000000000000000      0x11c hw_include/libdriver.a(gpio_padconfigset_.o)
 .data          0x0000000000000000        0x0 hw_include/libdriver.a(gpio_padconfigset_.o)
 .bss           0x0000000000000000        0x0 hw_include/libdriver.a(gpio_padconfigset_.o)
 .comment       0x0000000000000000       0x22 hw_include/libdriver.a(gpio_padconfigset_.o)
 .ARM.attributes
                0x0000000000000000       0x31 hw_include/libdriver.a(gpio_padconfigset_.o)
 .text          0x0000000000000000        0xc hw_include/libdriver.a(i2c_masterenable_.o)
 .data          0x0000000000000000        0x0 hw_include/libdriver.a(i2c_masterenable_.o)
 .bss           0x0000000000000000        0x0 hw_include/libdriver.a(i2c_masterenable_.o)
 .comment       0x0000000000000000       0x22 hw_include/libdriver.a(i2c_masterenable_.o)
 .ARM.attributes
                0x0000000000000000       0x31 hw_include/libdriver.a(i2c_masterenable_.o)
 .text          0x0000000000000000        0x0 /opt/cross-compile/gcc-arm-none-eabi-10.3-2021.10/bin/../lib/gcc/arm-none-eabi/10.3.1/../../../../arm-none-eabi/lib/thumb/nofp/libc.a(lib_a-memcpy-stub.o)
 .data          0x0000000000000000        0x0 /opt/cross-compile/gcc-arm-none-eabi-10.3-2021.10/bin/../lib/gcc/arm-none-eabi/10.3.1/../../../../arm-none-eabi/lib/thumb/nofp/libc.a(lib_a-memcpy-stub.o)
 .bss           0x0000000000000000        0x0 /opt/cross-compile/gcc-arm-none-eabi-10.3-2021.10/bin/../lib/gcc/arm-none-eabi/10.3.1/../../../../arm-none-eabi/lib/thumb/nofp/libc.a(lib_a-memcpy-stub.o)
 .text          0x0000000000000000        0x0 /opt/cross-compile/gcc-arm-none-eabi-10.3-2021.10/bin/../lib/gcc/arm-none-eabi/10.3.1/../../../../arm-none-eabi/lib/thumb/nofp/libc.a(lib_a-memset.o)
 .data          0x0000000000000000        0x0 /opt/cross-compile/gcc-arm-none-eabi-10.3-2021.10/bin/../lib/gcc/arm-none-eabi/10.3.1/../../../../arm-none-eabi/lib/thumb/nofp/libc.a(lib_a-memset.o)
 .bss           0x0000000000000000        0x0 /opt/cross-compile/gcc-arm-none-eabi-10.3-2021.10/bin/../lib/gcc/arm-none-eabi/10.3.1/../../../../arm-none-eabi/lib/thumb/nofp/libc.a(lib_a-memset.o)
 .text          0x0000000000000000        0x0 /opt/cross-compile/gcc-arm-none-eabi-10.3-2021.10/bin/../lib/gcc/arm-none-eabi/10.3.1/../../../../arm-none-eabi/lib/thumb/nofp/libc.a(lib_a-strcpy.o)
 .data          0x0000000000000000        0x0 /opt/cross-compile/gcc-arm-none-eabi-10.3-2021.10/bin/../lib/gcc/arm-none-eabi/10.3.1/../../../../arm-none-eabi/lib/thumb/nofp/libc.a(lib_a-strcpy.o)
 .bss           0x0000000000000000        0x0 /opt/cross-compile/gcc-arm-none-eabi-10.3-2021.10/bin/../lib/gcc/arm-none-eabi/10.3.1/../../../../arm-none-eabi/lib/thumb/nofp/libc.a(lib_a-strcpy.o)
 .text          0x0000000000000000        0x0 /opt/cross-compile/gcc-arm-none-eabi-10.3-2021.10/bin/../lib/gcc/arm-none-eabi/10.3.1/../../../../arm-none-eabi/lib/thumb/nofp/libc.a(lib_a-strlen-stub.o)
 .data          0x0000000000000000        0x0 /opt/cross-compile/gcc-arm-none-eabi-10.3-2021.10/bin/../lib/gcc/arm-none-eabi/10.3.1/../../../../arm-none-eabi/lib/thumb/nofp/libc.a(lib_a-strlen-stub.o)
 .bss           0x0000000000000000        0x0 /opt/cross-compile/gcc-arm-none-eabi-10.3-2021.10/bin/../lib/gcc/arm-none-eabi/10.3.1/../../../../arm-none-eabi/lib/thumb/nofp/libc.a(lib_a-strlen-stub.o)
 .text          0x0000000000000000        0x0 /opt/cross-compile/gcc-arm-none-eabi-10.3-2021.10/bin/../lib/gcc/arm-none-eabi/10.3.1/../../../../arm-none-eabi/lib/thumb/nofp/libc.a(lib_a-strncmp.o)
 .data          0x0000000000000000        0x0 /opt/cross-compile/gcc-arm-none-eabi-10.3-2021.10/bin/../lib/gcc/arm-none-eabi/10.3.1/../../../../arm-none-eabi/lib/thumb/nofp/libc.a(lib_a-strncmp.o)
 .bss           0x0000000000000000        0x0 /opt/cross-compile/gcc-arm-none-eabi-10.3-2021.10/bin/../lib/gcc/arm-none-eabi/10.3.1/../../../../arm-none-eabi/lib/thumb/nofp/libc.a(lib_a-strncmp.o)
 .text          0x0000000000000000        0x0 /opt/cross-compile/gcc-arm-none-eabi-10.3-2021.10/bin/../lib/gcc/arm-none-eabi/10.3.1/../../../../arm-none-eabi/lib/thumb/nofp/libc.a(lib_a-strncpy.o)
 .data          0x0000000000000000        0x0 /opt/cross-compile/gcc-arm-none-eabi-10.3-2021.10/bin/../lib/gcc/arm-none-eabi/10.3.1/../../../../arm-none-eabi/lib/thumb/nofp/libc.a(lib_a-strncpy.o)
 .bss           0x0000000000000000        0x0 /opt/cross-compile/gcc-arm-none-eabi-10.3-2021.10/bin/../lib/gcc/arm-none-eabi/10.3.1/../../../../arm-none-eabi/lib/thumb/nofp/libc.a(lib_a-strncpy.o)

Memory Configuration

Name             Origin             Length             Attributes
FLASH            0x0000000000000000 0x0000000000010000 xr
SRAM             0x0000000020000000 0x0000000000002000 xrw
*default*        0x0000000000000000 0xffffffffffffffff

Linker script and memory map


.text           0x0000000000000000     0x3554
 *(.isr_vector)
 .isr_vector    0x0000000000000000       0xb8 gcc/startup.o
                0x0000000000000000                g_pfnVectors
 *(.text*)
 .text          0x00000000000000b8       0x68 gcc/startup.o
                0x00000000000000be                ResetISR
 .text          0x0000000000000120       0xf4 gcc/main.o
                0x0000000000000120                main
                0x00000000000001d4                vGPIO_ISR
 .text          0x0000000000000214      0x1b8 gcc/FreeRTOS_CLI.o
                0x0000000000000248                FreeRTOS_CLIRegisterCommand
                0x0000000000000278                FreeRTOS_CLIProcessCommand
                0x000000000000035c                FreeRTOS_CLIGetOutputBuffer
                0x0000000000000364                FreeRTOS_CLIGetParameter
 .text          0x00000000000003cc      0x1d0 gcc/UARTCommandConsole.o
                0x00000000000004f8                vUARTCommandConsoleStart
                0x000000000000052c                vOutputString
                0x0000000000000568                vOutputChar
 .text          0x000000000000059c      0x5e8 gcc/printf-stdarg.o
                0x00000000000007be                sprintf
                0x0000000000000a38                tiny_printf
                0x0000000000000a66                vsnprintf
                0x0000000000000a88                snprintf
                0x0000000000000ab6                vsprintf
                0x0000000000000ada                mkSize
 .text          0x0000000000000b84       0x54 gcc/cli.o
                0x0000000000000bc8                RegisterCliCommands
 .text          0x0000000000000bd8       0x88 gcc/list.o
                0x0000000000000bd8                vListInitialise
                0x0000000000000bee                vListInitialiseItem
                0x0000000000000bf4                vListInsertEnd
                0x0000000000000c0a                vListInsert
                0x0000000000000c3c                uxListRemove
 .text          0x0000000000000c60      0x840 gcc/queue.o
                0x0000000000000d86                xQueueGenericReset
                0x0000000000000df6                xQueueGenericCreate
                0x0000000000000e2c                xQueueGenericSend
                0x0000000000000f50                xQueueCreateMutex
                0x0000000000000f74                xQueueGenericSendFromISR
                0x0000000000000fe6                xQueueGiveFromISR
                0x000000000000104a                xQueueReceive
                0x0000000000001158                xQueueSemaphoreTake
                0x00000000000012a0                xQueuePeek
                0x00000000000013aa                xQueueReceiveFromISR
                0x0000000000001416                xQueuePeekFromISR
                0x0000000000001446                uxQueueMessagesWaiting
                0x0000000000001458                uxQueueSpacesAvailable
                0x000000000000146e                uxQueueMessagesWaitingFromISR
                0x0000000000001472                vQueueDelete
                0x000000000000147a                uxQueueGetQueueNumber
                0x000000000000147e                vQueueSetQueueNumber
                0x0000000000001482                ucQueueGetQueueType
                0x0000000000001488                xQueueIsQueueEmptyFromISR
                0x0000000000001492                xQueueIsQueueFullFromISR
 .text          0x00000000000014a0     0x12e8 gcc/tasks.o
                0x0000000000001564                xTaskCreate
                0x000000000000170c                eTaskGetState
                0x0000000000001768                vTaskResume
                0x00000000000017ec                xTaskResumeFromISR
                0x000000000000188c                vTaskStartScheduler
                0x00000000000018ec                vTaskEndScheduler
                0x0000000000001910                vTaskSuspendAll
                0x0000000000001924                xTaskGetTickCount
                0x0000000000001930                xTaskGetTickCountFromISR
                0x000000000000193c                uxTaskGetNumberOfTasks
                0x0000000000001948                pcTaskGetName
                0x000000000000195c                vTaskStepTick
                0x000000000000196c                xTaskIncrementTick
                0x0000000000001a68                xTaskResumeAll
                0x0000000000001b44                xTaskDelayUntil
                0x0000000000001bb0                vTaskDelay
                0x0000000000001c04                xTaskCatchUpTicks
                0x0000000000001c24                vTaskSwitchContext
                0x0000000000001c8c                vTaskSuspend
                0x0000000000001d50                vTaskPlaceOnEventList
                0x0000000000001d6c                vTaskPlaceOnUnorderedEventList
                0x0000000000001d90                xTaskRemoveFromEventList
                0x0000000000001dfc                vTaskRemoveFromUnorderedEventList
                0x0000000000001e4c                vTaskSetTimeOutState
                0x0000000000001e6c                vTaskInternalSetTimeOutState
                0x0000000000001e80                xTaskCheckForTimeOut
                0x0000000000001ee0                vTaskMissedYield
                0x0000000000001ef0                uxTaskGetTaskNumber
                0x0000000000001efa                vTaskSetTaskNumber
                0x0000000000001f00                eTaskConfirmSleepModeStatus
                0x0000000000001f3c                vTaskGetInfo
                0x0000000000002026                uxTaskGetSystemState
                0x00000000000020bc                xTaskGetCurrentTaskHandle
                0x00000000000020c8                xTaskPriorityInherit
                0x000000000000216c                xTaskPriorityDisinherit
                0x00000000000021d8                vTaskPriorityDisinheritAfterTimeout
                0x0000000000002258                vTaskList
                0x0000000000002344                uxTaskResetEventItemValue
                0x000000000000235c                pvTaskIncrementMutexHeldCount
                0x0000000000002378                ulTaskGenericNotifyTake
                0x000000000000240c                xTaskGenericNotifyWait
                0x00000000000024bc                xTaskGenericNotify
                0x0000000000002598                xTaskGenericNotifyFromISR
                0x0000000000002684                vTaskGenericNotifyGiveFromISR
                0x0000000000002720                xTaskGenericNotifyStateClear
                0x0000000000002758                ulTaskGenericNotifyValueClear
 *fill*         0x0000000000002788        0x8 
 .text          0x0000000000002790      0x2ac gcc/port.o
                0x00000000000027d0                pxPortInitialiseStack
                0x00000000000027f4                vPortSVCHandler
                0x0000000000002824                vPortEndScheduler
                0x0000000000002826                vPortEnterCritical
                0x0000000000002844                vPortExitCritical
                0x0000000000002858                xPortPendSVHandler
                0x00000000000028a4                xPortSysTickHandler
                0x00000000000028d0                vPortSuppressTicksAndSleep
                0x00000000000029d4                vPortSetupTimerInterrupt
                0x0000000000002a00                xPortStartScheduler
 .text          0x0000000000002a3c       0xa4 gcc/heap_1.o
                0x0000000000002a3c                pvPortMalloc
                0x0000000000002ac0                vPortFree
                0x0000000000002ac2                vPortInitialiseBlocks
                0x0000000000002ad0                xPortGetFreeHeapSize
 .text          0x0000000000002ae0       0x8c gcc/serialISR.o
                0x0000000000002ae0                vSerialISRCreateQueues
                0x0000000000002af8                vUART_ISR_Handler
                0x0000000000002af8                vUART_ISR_Wrapper
 .text          0x0000000000002b6c       0x98 gcc/serial.o
                0x0000000000002b6c                xSerialPortInitMinimal
                0x0000000000002bb0                xSerialGetChar
                0x0000000000002bc8                vSerialPutString
                0x0000000000002bec                xSerialPutChar
                0x0000000000002c00                vSerialClose
 .text          0x0000000000002c04       0x48 hw_include/libdriver.a(gpio_dirmodeset_.o)
                0x0000000000002c04                GPIODirModeSet
 .text          0x0000000000002c4c       0x74 hw_include/libdriver.a(gpio_inttypeset_.o)
                0x0000000000002c4c                GPIOIntTypeSet
 .text          0x0000000000002cc0        0x8 hw_include/libdriver.a(gpio_pinintclear_.o)
                0x0000000000002cc0                GPIOPinIntClear
 .text          0x0000000000002cc8        0xc hw_include/libdriver.a(gpio_pinintenable_.o)
                0x0000000000002cc8                GPIOPinIntEnable
 .text          0x0000000000002cd4       0x5c hw_include/libdriver.a(interrupt_enable_.o)
                0x0000000000002cd4                IntEnable
 .text          0x0000000000002d30       0x30 hw_include/libdriver.a(interrupt_priorityset_.o)
                0x0000000000002d30                IntPrioritySet
 .text          0x0000000000002d60       0x90 hw_include/libdriver.a(sysctl_clockget_.o)
                0x0000000000002d60                SysCtlClockGet
 .text          0x0000000000002df0       0xcc hw_include/libdriver.a(sysctl_clockset_.o)
                0x0000000000002df0                SysCtlClockSet
 .text          0x0000000000002ebc       0x1c hw_include/libdriver.a(sysctl_peripheralenable_.o)
                0x0000000000002ebc                SysCtlPeripheralEnable
 .text          0x0000000000002ed8       0x10 hw_include/libdriver.a(uart_charnonblockingget_.o)
                0x0000000000002ed8                UARTCharNonBlockingGet
 .text          0x0000000000002ee8       0x10 hw_include/libdriver.a(uart_charput_.o)
                0x0000000000002ee8                UARTCharPut
 .text          0x0000000000002ef8       0x38 hw_include/libdriver.a(uart_configset_.o)
                0x0000000000002ef8                UARTConfigSet
 .text          0x0000000000002f30       0x24 hw_include/libdriver.a(uart_disable_.o)
                0x0000000000002f30                UARTDisable
 .text          0x0000000000002f54       0x18 hw_include/libdriver.a(uart_enable_.o)
                0x0000000000002f54                UARTEnable
 .text          0x0000000000002f6c        0x4 hw_include/libdriver.a(uart_intclear_.o)
                0x0000000000002f6c                UARTIntClear
 .text          0x0000000000002f70        0xc hw_include/libdriver.a(uart_intdisable_.o)
                0x0000000000002f70                UARTIntDisable
 .text          0x0000000000002f7c        0x8 hw_include/libdriver.a(uart_intenable_.o)
                0x0000000000002f7c                UARTIntEnable
 .text          0x0000000000002f84        0xc hw_include/libdriver.a(uart_intstatus_.o)
                0x0000000000002f84                UARTIntStatus
 .text.memcpy   0x0000000000002f90       0xa8 /opt/cross-compile/gcc-arm-none-eabi-10.3-2021.10/bin/../lib/gcc/arm-none-eabi/10.3.1/../../../../arm-none-eabi/lib/thumb/nofp/libc.a(lib_a-memcpy-stub.o)
                0x0000000000002f90                memcpy
 .text.memset   0x0000000000003038       0xb0 /opt/cross-compile/gcc-arm-none-eabi-10.3-2021.10/bin/../lib/gcc/arm-none-eabi/10.3.1/../../../../arm-none-eabi/lib/thumb/nofp/libc.a(lib_a-memset.o)
                0x0000000000003038                memset
 .text.strcpy   0x00000000000030e8       0x10 /opt/cross-compile/gcc-arm-none-eabi-10.3-2021.10/bin/../lib/gcc/arm-none-eabi/10.3.1/../../../../arm-none-eabi/lib/thumb/nofp/libc.a(lib_a-strcpy.o)
                0x00000000000030e8                strcpy
 .text.strlen   0x00000000000030f8       0x60 /opt/cross-compile/gcc-arm-none-eabi-10.3-2021.10/bin/../lib/gcc/arm-none-eabi/10.3.1/../../../../arm-none-eabi/lib/thumb/nofp/libc.a(lib_a-strlen-stub.o)
                0x00000000000030f8                strlen
 .text.strncmp  0x0000000000003158       0x78 /opt/cross-compile/gcc-arm-none-eabi-10.3-2021.10/bin/../lib/gcc/arm-none-eabi/10.3.1/../../../../arm-none-eabi/lib/thumb/nofp/libc.a(lib_a-strncmp.o)
                0x0000000000003158                strncmp
 .text.strncpy  0x00000000000031d0       0x74 /opt/cross-compile/gcc-arm-none-eabi-10.3-2021.10/bin/../lib/gcc/arm-none-eabi/10.3.1/../../../../arm-none-eabi/lib/thumb/nofp/libc.a(lib_a-strncpy.o)
                0x00000000000031d0                strncpy
 *(.rodata*)
 .rodata.str1.4
                0x0000000000003244       0xe0 gcc/FreeRTOS_CLI.o
 .rodata        0x0000000000003324       0x10 gcc/FreeRTOS_CLI.o
 .rodata.str1.4
                0x0000000000003334       0x90 gcc/UARTCommandConsole.o
                                         0x94 (size before relaxing)
 .rodata.str1.4
                0x00000000000033c4       0x41 gcc/printf-stdarg.o
 *fill*         0x0000000000003405        0x3 
 .rodata.str1.4
                0x0000000000003408       0xb7 gcc/cli.o
 *fill*         0x00000000000034bf        0x1 
 .rodata        0x00000000000034c0       0x10 gcc/cli.o
 .rodata.str1.4
                0x00000000000034d0       0x17 gcc/tasks.o
 *fill*         0x00000000000034e7        0x1 
 .rodata        0x00000000000034e8       0x30 hw_include/libdriver.a(interrupt_pulregs_.o)
                0x00000000000034e8                g_pulRegs
 .rodata        0x0000000000003518        0xc hw_include/libdriver.a(sysctl_pulrcgcregs_.o)
                0x0000000000003518                g_pulRCGCRegs
 .rodata        0x0000000000003524       0x30 hw_include/libdriver.a(sysctl_pulxtals_.o)
                0x0000000000003524                g_pulXtals
                0x0000000000003554                _etext = .

.glue_7         0x0000000000003554        0x0
 .glue_7        0x0000000000003554        0x0 linker stubs

.glue_7t        0x0000000000003554        0x0
 .glue_7t       0x0000000000003554        0x0 linker stubs

.vfp11_veneer   0x0000000000003554        0x0
 .vfp11_veneer  0x0000000000003554        0x0 linker stubs

.v4_bx          0x0000000000003554        0x0
 .v4_bx         0x0000000000003554        0x0 linker stubs

.iplt           0x0000000000003554        0x0
 .iplt          0x0000000000003554        0x0 gcc/startup.o

.rel.dyn        0x0000000000003554        0x0
 .rel.iplt      0x0000000000003554        0x0 gcc/startup.o

.data           0x0000000020000000       0x14 load address 0x0000000000003554
                0x0000000020000000                _data = .
 *(vtable)
 *(.data)
 .data          0x0000000020000000        0xc gcc/FreeRTOS_CLI.o
 .data          0x000000002000000c        0x4 gcc/tasks.o
                0x000000002000000c                uxTopUsedPriority
 .data          0x0000000020000010        0x4 gcc/port.o
                0x0000000020000014                _edata = .

.igot.plt       0x0000000020000014        0x0 load address 0x0000000000003568
 .igot.plt      0x0000000020000014        0x0 gcc/startup.o

.bss            0x0000000020000014     0x1b28 load address 0x0000000000003568
                0x0000000020000014                _bss = .
 *(.bss)
 .bss           0x0000000020000014      0x200 gcc/startup.o
 .bss           0x0000000020000214        0x8 gcc/main.o
                0x0000000020000214                xButtonSemaphore
                0x0000000020000218                xPrintQueue
 .bss           0x000000002000021c      0x3f0 gcc/FreeRTOS_CLI.o
 .bss           0x000000002000060c       0x70 gcc/UARTCommandConsole.o
                0x000000002000060c                xTxMutex
                0x0000000020000678                xCLITaskHandle
 .bss           0x000000002000067c       0x21 gcc/printf-stdarg.o
 *fill*         0x000000002000069d        0x3 
 .bss           0x00000000200006a0       0xec gcc/tasks.o
                0x00000000200006a4                pxCurrentTCB
 .bss           0x000000002000078c        0xc gcc/port.o
 .bss           0x0000000020000798     0x1390 gcc/heap_1.o
 .bss           0x0000000020001b28       0x10 gcc/serialISR.o
 .bss           0x0000000020001b38        0x4 gcc/serial.o
 *(COMMON)
                0x0000000020001b3c                _ebss = .
LOAD gcc/startup.o
LOAD gcc/main.o
LOAD gcc/FreeRTOS_CLI.o
LOAD gcc/UARTCommandConsole.o
LOAD gcc/printf-stdarg.o
LOAD gcc/cli.o
LOAD gcc/list.o
LOAD gcc/queue.o
LOAD gcc/tasks.o
LOAD gcc/port.o
LOAD gcc/heap_1.o
LOAD gcc/serialISR.o
LOAD gcc/serial.o
LOAD gcc/osram96x16.o
LOAD hw_include/libdriver.a
LOAD /opt/cross-compile/gcc-arm-none-eabi-10.3-2021.10/bin/../lib/gcc/arm-none-eabi/10.3.1/../../../../arm-none-eabi/lib/thumb/nofp/libc.a
LOAD /opt/cross-compile/gcc-arm-none-eabi-10.3-2021.10/bin/../lib/gcc/arm-none-eabi/10.3.1/thumb/nofp/libgcc.a
OUTPUT(gcc/RTOSDemo.axf elf32-littlearm)
LOAD linker stubs

.debug_info     0x0000000000000000     0x7219
 .debug_info    0x0000000000000000      0x155 gcc/startup.o
 .debug_info    0x0000000000000155      0x42b gcc/main.o
 .debug_info    0x0000000000000580      0x58c gcc/FreeRTOS_CLI.o
 .debug_info    0x0000000000000b0c      0x62a gcc/UARTCommandConsole.o
 .debug_info    0x0000000000001136      0xba3 gcc/printf-stdarg.o
 .debug_info    0x0000000000001cd9      0x275 gcc/cli.o
 .debug_info    0x0000000000001f4e      0x2e0 gcc/list.o
 .debug_info    0x000000000000222e     0x1a2f gcc/queue.o
 .debug_info    0x0000000000003c5d     0x28ca gcc/tasks.o
 .debug_info    0x0000000000006527      0x482 gcc/port.o
 .debug_info    0x00000000000069a9      0x1d2 gcc/heap_1.o
 .debug_info    0x0000000000006b7b      0x28e gcc/serialISR.o
 .debug_info    0x0000000000006e09      0x410 gcc/serial.o

.debug_abbrev   0x0000000000000000     0x187c
 .debug_abbrev  0x0000000000000000       0xe5 gcc/startup.o
 .debug_abbrev  0x00000000000000e5      0x13d gcc/main.o
 .debug_abbrev  0x0000000000000222      0x218 gcc/FreeRTOS_CLI.o
 .debug_abbrev  0x000000000000043a      0x192 gcc/UARTCommandConsole.o
 .debug_abbrev  0x00000000000005cc      0x371 gcc/printf-stdarg.o
 .debug_abbrev  0x000000000000093d      0x149 gcc/cli.o
 .debug_abbrev  0x0000000000000a86      0x106 gcc/list.o
 .debug_abbrev  0x0000000000000b8c      0x2fa gcc/queue.o
 .debug_abbrev  0x0000000000000e86      0x3cb gcc/tasks.o
 .debug_abbrev  0x0000000000001251      0x260 gcc/port.o
 .debug_abbrev  0x00000000000014b1      0x133 gcc/heap_1.o
 .debug_abbrev  0x00000000000015e4       0xff gcc/serialISR.o
 .debug_abbrev  0x00000000000016e3      0x199 gcc/serial.o

.debug_loc      0x0000000000000000     0x54c8
 .debug_loc     0x0000000000000000       0x62 gcc/startup.o
 .debug_loc     0x0000000000000062      0x50c gcc/FreeRTOS_CLI.o
 .debug_loc     0x000000000000056e      0x196 gcc/UARTCommandConsole.o
 .debug_loc     0x0000000000000704      0xe89 gcc/printf-stdarg.o
 .debug_loc     0x000000000000158d      0x102 gcc/cli.o
 .debug_loc     0x000000000000168f       0xa0 gcc/list.o
 .debug_loc     0x000000000000172f     0x1366 gcc/queue.o
 .debug_loc     0x0000000000002a95     0x24bd gcc/tasks.o
 .debug_loc     0x0000000000004f52      0x1f6 gcc/port.o
 .debug_loc     0x0000000000005148       0xa3 gcc/heap_1.o
 .debug_loc     0x00000000000051eb       0x7c gcc/serialISR.o
 .debug_loc     0x0000000000005267      0x261 gcc/serial.o

.debug_aranges  0x0000000000000000      0x1a0
 .debug_aranges
                0x0000000000000000       0x20 gcc/startup.o
 .debug_aranges
                0x0000000000000020       0x20 gcc/main.o
 .debug_aranges
                0x0000000000000040       0x20 gcc/FreeRTOS_CLI.o
 .debug_aranges
                0x0000000000000060       0x20 gcc/UARTCommandConsole.o
 .debug_aranges
                0x0000000000000080       0x20 gcc/printf-stdarg.o
 .debug_aranges
                0x00000000000000a0       0x20 gcc/cli.o
 .debug_aranges
                0x00000000000000c0       0x20 gcc/list.o
 .debug_aranges
                0x00000000000000e0       0x20 gcc/queue.o
 .debug_aranges
                0x0000000000000100       0x20 gcc/tasks.o
 .debug_aranges
                0x0000000000000120       0x20 gcc/port.o
 .debug_aranges
                0x0000000000000140       0x20 gcc/heap_1.o
 .debug_aranges
                0x0000000000000160       0x20 gcc/serialISR.o
 .debug_aranges
                0x0000000000000180       0x20 gcc/serial.o

.debug_line     0x0000000000000000     0x5143
 .debug_line    0x0000000000000000       0xdd gcc/startup.o
 .debug_line    0x00000000000000dd      0x230 gcc/main.o
 .debug_line    0x000000000000030d      0x51f gcc/FreeRTOS_CLI.o
 .debug_line    0x000000000000082c      0x3c0 gcc/UARTCommandConsole.o
 .debug_line    0x0000000000000bec      0x9e4 gcc/printf-stdarg.o
 .debug_line    0x00000000000015d0      0x2c2 gcc/cli.o
 .debug_line    0x0000000000001892      0x2fa gcc/list.o
 .debug_line    0x0000000000001b8c      0xe94 gcc/queue.o
 .debug_line    0x0000000000002a20     0x1b70 gcc/tasks.o
 .debug_line    0x0000000000004590      0x48a gcc/port.o
 .debug_line    0x0000000000004a1a      0x28e gcc/heap_1.o
 .debug_line    0x0000000000004ca8      0x229 gcc/serialISR.o
 .debug_line    0x0000000000004ed1      0x272 gcc/serial.o

.debug_str      0x0000000000000000     0x20e7
 .debug_str     0x0000000000000000      0x11b gcc/startup.o
                                        0x13a (size before relaxing)
 .debug_str     0x000000000000011b      0x211 gcc/main.o
                                        0x330 (size before relaxing)
 .debug_str     0x000000000000032c      0x31e gcc/FreeRTOS_CLI.o
                                        0x472 (size before relaxing)
 .debug_str     0x000000000000064a      0x1c4 gcc/UARTCommandConsole.o
                                        0x414 (size before relaxing)
 .debug_str     0x000000000000080e      0x187 gcc/printf-stdarg.o
                                        0x31f (size before relaxing)
 .debug_str     0x0000000000000995       0x5b gcc/cli.o
                                        0x2a4 (size before relaxing)
 .debug_str     0x00000000000009f0      0x12b gcc/list.o
                                        0x2a4 (size before relaxing)
 .debug_str     0x0000000000000b1b      0x609 gcc/queue.o
                                        0x95d (size before relaxing)
 .debug_str     0x0000000000001124      0xc59 gcc/tasks.o
                                       0x11b1 (size before relaxing)
 .debug_str     0x0000000000001d7d      0x18f gcc/port.o
                                        0x476 (size before relaxing)
 .debug_str     0x0000000000001f0c       0x9b gcc/heap_1.o
                                        0x22c (size before relaxing)
 .debug_str     0x0000000000001fa7       0xb1 gcc/serialISR.o
                                        0x293 (size before relaxing)
 .debug_str     0x0000000000002058       0x8f gcc/serial.o
                                        0x2eb (size before relaxing)

.comment        0x0000000000000000      0x313
 .comment       0x0000000000000000       0x49 gcc/startup.o
                                         0x4a (size before relaxing)
 .comment       0x0000000000000049       0x4a gcc/main.o
 .comment       0x0000000000000049       0x4a gcc/FreeRTOS_CLI.o
 .comment       0x0000000000000049       0x4a gcc/UARTCommandConsole.o
 .comment       0x0000000000000049       0x4a gcc/printf-stdarg.o
 .comment       0x0000000000000049       0x4a gcc/cli.o
 .comment       0x0000000000000049       0x4a gcc/list.o
 .comment       0x0000000000000049       0x4a gcc/queue.o
 .comment       0x0000000000000049       0x4a gcc/tasks.o
 .comment       0x0000000000000049       0x4a gcc/port.o
 .comment       0x0000000000000049       0x4a gcc/heap_1.o
 .comment       0x0000000000000049       0x4a gcc/serialISR.o
 .comment       0x0000000000000049       0x4a gcc/serial.o
 .comment       0x0000000000000049       0x22 hw_include/libdriver.a(gpio_dirmodeset_.o)
 .comment       0x000000000000006b       0x22 hw_include/libdriver.a(gpio_inttypeset_.o)
 .comment       0x000000000000008d       0x22 hw_include/libdriver.a(gpio_pinintclear_.o)
 .comment       0x00000000000000af       0x22 hw_include/libdriver.a(gpio_pinintenable_.o)
 .comment       0x00000000000000d1       0x22 hw_include/libdriver.a(interrupt_enable_.o)
 .comment       0x00000000000000f3       0x22 hw_include/libdriver.a(interrupt_priorityset_.o)
 .comment       0x0000000000000115       0x22 hw_include/libdriver.a(interrupt_pulregs_.o)
 .comment       0x0000000000000137       0x22 hw_include/libdriver.a(sysctl_clockget_.o)
 .comment       0x0000000000000159       0x22 hw_include/libdriver.a(sysctl_clockset_.o)
 .comment       0x000000000000017b       0x22 hw_include/libdriver.a(sysctl_peripheralenable_.o)
 .comment       0x000000000000019d       0x22 hw_include/libdriver.a(sysctl_pulrcgcregs_.o)
 .comment       0x00000000000001bf       0x22 hw_include/libdriver.a(sysctl_pulxtals_.o)
 .comment       0x00000000000001e1       0x22 hw_include/libdriver.a(uart_charnonblockingget_.o)
 .comment       0x0000000000000203       0x22 hw_include/libdriver.a(uart_charput_.o)
 .comment       0x0000000000000225       0x22 hw_include/libdriver.a(uart_configset_.o)
 .comment       0x0000000000000247       0x22 hw_include/libdriver.a(uart_disable_.o)
 .comment       0x0000000000000269       0x22 hw_include/libdriver.a(uart_enable_.o)
 .comment       0x000000000000028b       0x22 hw_include/libdriver.a(uart_intclear_.o)
 .comment       0x00000000000002ad       0x22 hw_include/libdriver.a(uart_intdisable_.o)
 .comment       0x00000000000002cf       0x22 hw_include/libdriver.a(uart_intenable_.o)
 .comment       0x00000000000002f1       0x22 hw_include/libdriver.a(uart_intstatus_.o)

.ARM.attributes
                0x0000000000000000       0x2f
 .ARM.attributes
                0x0000000000000000       0x2d gcc/startup.o
 .ARM.attributes
                0x000000000000002d       0x2d gcc/main.o
 .ARM.attributes
                0x000000000000005a       0x2d gcc/FreeRTOS_CLI.o
 .ARM.attributes
                0x0000000000000087       0x2d gcc/UARTCommandConsole.o
 .ARM.attributes
                0x00000000000000b4       0x2d gcc/printf-stdarg.o
 .ARM.attributes
                0x00000000000000e1       0x2d gcc/cli.o
 .ARM.attributes
                0x000000000000010e       0x2d gcc/list.o
 .ARM.attributes
                0x000000000000013b       0x2d gcc/queue.o
 .ARM.attributes
                0x0000000000000168       0x2d gcc/tasks.o
 .ARM.attributes
                0x0000000000000195       0x2d gcc/port.o
 .ARM.attributes
                0x00000000000001c2       0x2d gcc/heap_1.o
 .ARM.attributes
                0x00000000000001ef       0x2d gcc/serialISR.o
 .ARM.attributes
                0x000000000000021c       0x2d gcc/serial.o
 .ARM.attributes
                0x0000000000000249       0x31 hw_include/libdriver.a(gpio_dirmodeset_.o)
 .ARM.attributes
                0x000000000000027a       0x31 hw_include/libdriver.a(gpio_inttypeset_.o)
 .ARM.attributes
                0x00000000000002ab       0x31 hw_include/libdriver.a(gpio_pinintclear_.o)
 .ARM.attributes
                0x00000000000002dc       0x31 hw_include/libdriver.a(gpio_pinintenable_.o)
 .ARM.attributes
                0x000000000000030d       0x31 hw_include/libdriver.a(interrupt_enable_.o)
 .ARM.attributes
                0x000000000000033e       0x31 hw_include/libdriver.a(interrupt_priorityset_.o)
 .ARM.attributes
                0x000000000000036f       0x2f hw_include/libdriver.a(interrupt_pulregs_.o)
 .ARM.attributes
                0x000000000000039e       0x31 hw_include/libdriver.a(sysctl_clockget_.o)
 .ARM.attributes
                0x00000000000003cf       0x31 hw_include/libdriver.a(sysctl_clockset_.o)
 .ARM.attributes
                0x0000000000000400       0x31 hw_include/libdriver.a(sysctl_peripheralenable_.o)
 .ARM.attributes
                0x0000000000000431       0x2f hw_include/libdriver.a(sysctl_pulrcgcregs_.o)
 .ARM.attributes
                0x0000000000000460       0x2f hw_include/libdriver.a(sysctl_pulxtals_.o)
 .ARM.attributes
                0x000000000000048f       0x31 hw_include/libdriver.a(uart_charnonblockingget_.o)
 .ARM.attributes
                0x00000000000004c0       0x31 hw_include/libdriver.a(uart_charput_.o)
 .ARM.attributes
                0x00000000000004f1       0x31 hw_include/libdriver.a(uart_configset_.o)
 .ARM.attributes
                0x0000000000000522       0x31 hw_include/libdriver.a(uart_disable_.o)
 .ARM.attributes
                0x0000000000000553       0x31 hw_include/libdriver.a(uart_enable_.o)
 .ARM.attributes
                0x0000000000000584       0x31 hw_include/libdriver.a(uart_intclear_.o)
 .ARM.attributes
                0x00000000000005b5       0x31 hw_include/libdriver.a(uart_intdisable_.o)
 .ARM.attributes
                0x00000000000005e6       0x31 hw_include/libdriver.a(uart_intenable_.o)
 .ARM.attributes
                0x0000000000000617       0x31 hw_include/libdriver.a(uart_intstatus_.o)
 .ARM.attributes
                0x0000000000000648       0x2a /opt/cross-compile/gcc-arm-none-eabi-10.3-2021.10/bin/../lib/gcc/arm-none-eabi/10.3.1/../../../../arm-none-eabi/lib/thumb/nofp/libc.a(lib_a-memcpy-stub.o)
 .ARM.attributes
                0x0000000000000672       0x2a /opt/cross-compile/gcc-arm-none-eabi-10.3-2021.10/bin/../lib/gcc/arm-none-eabi/10.3.1/../../../../arm-none-eabi/lib/thumb/nofp/libc.a(lib_a-memset.o)
 .ARM.attributes
                0x000000000000069c       0x2a /opt/cross-compile/gcc-arm-none-eabi-10.3-2021.10/bin/../lib/gcc/arm-none-eabi/10.3.1/../../../../arm-none-eabi/lib/thumb/nofp/libc.a(lib_a-strcpy.o)
 .ARM.attributes
                0x00000000000006c6       0x2a /opt/cross-compile/gcc-arm-none-eabi-10.3-2021.10/bin/../lib/gcc/arm-none-eabi/10.3.1/../../../../arm-none-eabi/lib/thumb/nofp/libc.a(lib_a-strlen-stub.o)
 .ARM.attributes
                0x00000000000006f0       0x2a /opt/cross-compile/gcc-arm-none-eabi-10.3-2021.10/bin/../lib/gcc/arm-none-eabi/10.3.1/../../../../arm-none-eabi/lib/thumb/nofp/libc.a(lib_a-strncmp.o)
 .ARM.attributes
                0x000000000000071a       0x2a /opt/cross-compile/gcc-arm-none-eabi-10.3-2021.10/bin/../lib/gcc/arm-none-eabi/10.3.1/../../../../arm-none-eabi/lib/thumb/nofp/libc.a(lib_a-strncpy.o)

.debug_frame    0x0000000000000000      0xf04
 .debug_frame   0x0000000000000000       0x58 gcc/startup.o
 .debug_frame   0x0000000000000058       0x44 gcc/main.o
 .debug_frame   0x000000000000009c       0x8c gcc/FreeRTOS_CLI.o
 .debug_frame   0x0000000000000128       0x8c gcc/UARTCommandConsole.o
 .debug_frame   0x00000000000001b4      0x1a0 gcc/printf-stdarg.o
 .debug_frame   0x0000000000000354       0x44 gcc/cli.o
 .debug_frame   0x0000000000000398       0x70 gcc/list.o
 .debug_frame   0x0000000000000408      0x290 gcc/queue.o
 .debug_frame   0x0000000000000698      0x53c gcc/tasks.o
 .debug_frame   0x0000000000000bd4       0xf4 gcc/port.o
 .debug_frame   0x0000000000000cc8       0x5c gcc/heap_1.o
 .debug_frame   0x0000000000000d24       0x50 gcc/serialISR.o
 .debug_frame   0x0000000000000d74       0x88 gcc/serial.o
 .debug_frame   0x0000000000000dfc       0x34 /opt/cross-compile/gcc-arm-none-eabi-10.3-2021.10/bin/../lib/gcc/arm-none-eabi/10.3.1/../../../../arm-none-eabi/lib/thumb/nofp/libc.a(lib_a-memcpy-stub.o)
 .debug_frame   0x0000000000000e30       0x30 /opt/cross-compile/gcc-arm-none-eabi-10.3-2021.10/bin/../lib/gcc/arm-none-eabi/10.3.1/../../../../arm-none-eabi/lib/thumb/nofp/libc.a(lib_a-memset.o)
 .debug_frame   0x0000000000000e60       0x20 /opt/cross-compile/gcc-arm-none-eabi-10.3-2021.10/bin/../lib/gcc/arm-none-eabi/10.3.1/../../../../arm-none-eabi/lib/thumb/nofp/libc.a(lib_a-strcpy.o)
 .debug_frame   0x0000000000000e80       0x28 /opt/cross-compile/gcc-arm-none-eabi-10.3-2021.10/bin/../lib/gcc/arm-none-eabi/10.3.1/../../../../arm-none-eabi/lib/thumb/nofp/libc.a(lib_a-strlen-stub.o)
 .debug_frame   0x0000000000000ea8       0x2c /opt/cross-compile/gcc-arm-none-eabi-10.3-2021.10/bin/../lib/gcc/arm-none-eabi/10.3.1/../../../../arm-none-eabi/lib/thumb/nofp/libc.a(lib_a-strncmp.o)
 .debug_frame   0x0000000000000ed4       0x30 /opt/cross-compile/gcc-arm-none-eabi-10.3-2021.10/bin/../lib/gcc/arm-none-eabi/10.3.1/../../../../arm-none-eabi/lib/thumb/nofp/libc.a(lib_a-strncpy.o)

.debug_ranges   0x0000000000000000      0x2a8
 .debug_ranges  0x0000000000000000       0x18 gcc/FreeRTOS_CLI.o
 .debug_ranges  0x0000000000000018       0x88 gcc/printf-stdarg.o
 .debug_ranges  0x00000000000000a0       0xc0 gcc/queue.o
 .debug_ranges  0x0000000000000160      0x130 gcc/tasks.o
 .debug_ranges  0x0000000000000290       0x18 gcc/serial.o
