Archive member included to satisfy reference by file (symbol)

hw_include/libdriver.a(gpio_dirmodeset_.o)
                              gcc/main.o (GPIODirModeSet)
hw_include/libdriver.a(gpio_inttypeset_.o)
                              gcc/main.o (GPIOIntTypeSet)
hw_include/libdriver.a(gpio_pinintclear_.o)
                              gcc/main.o (GPIOPinIntClear)
hw_include/libdriver.a(gpio_pinintenable_.o)
                              gcc/main.o (GPIOPinIntEnable)
hw_include/libdriver.a(gpio_pintypei2c_.o)
                              gcc/osram96x16.o (GPIOPinTypeI2C)
hw_include/libdriver.a(i2c_mastercontrol_.o)
                              gcc/osram96x16.o (I2CMasterControl)
hw_include/libdriver.a(i2c_masterdataput_.o)
                              gcc/osram96x16.o (I2CMasterDataPut)
hw_include/libdriver.a(i2c_masterinit_.o)
                              gcc/osram96x16.o (I2CMasterInit)
hw_include/libdriver.a(i2c_masterintstatus_.o)
                              gcc/osram96x16.o (I2CMasterIntStatus)
hw_include/libdriver.a(i2c_masterslaveaddrset_.o)
                              gcc/osram96x16.o (I2CMasterSlaveAddrSet)
hw_include/libdriver.a(interrupt_enable_.o)
                              gcc/main.o (IntEnable)
hw_include/libdriver.a(interrupt_priorityset_.o)
                              gcc/main.o (IntPrioritySet)
hw_include/libdriver.a(interrupt_pulregs_.o)
                              hw_include/libdriver.a(interrupt_priorityset_.o) (g_pulRegs)
hw_include/libdriver.a(sysctl_clockget_.o)
                              hw_include/libdriver.a(i2c_masterinit_.o) (SysCtlClockGet)
hw_include/libdriver.a(sysctl_clockset_.o)
                              gcc/main.o (SysCtlClockSet)
hw_include/libdriver.a(sysctl_peripheralenable_.o)
                              gcc/main.o (SysCtlPeripheralEnable)
hw_include/libdriver.a(sysctl_pulrcgcregs_.o)
                              hw_include/libdriver.a(sysctl_peripheralenable_.o) (g_pulRCGCRegs)
hw_include/libdriver.a(sysctl_pulxtals_.o)
                              hw_include/libdriver.a(sysctl_clockget_.o) (g_pulXtals)
hw_include/libdriver.a(uart_charnonblockingget_.o)
                              gcc/serialISR.o (UARTCharNonBlockingGet)
hw_include/libdriver.a(uart_charput_.o)
                              gcc/serial.o (UARTCharPut)
hw_include/libdriver.a(uart_configset_.o)
                              gcc/main.o (UARTConfigSet)
hw_include/libdriver.a(uart_disable_.o)
                              hw_include/libdriver.a(uart_configset_.o) (UARTDisable)
hw_include/libdriver.a(uart_enable_.o)
                              hw_include/libdriver.a(uart_configset_.o) (UARTEnable)
hw_include/libdriver.a(uart_intclear_.o)
                              gcc/serialISR.o (UARTIntClear)
hw_include/libdriver.a(uart_intdisable_.o)
                              gcc/serialISR.o (UARTIntDisable)
hw_include/libdriver.a(uart_intenable_.o)
                              gcc/serial.o (UARTIntEnable)
hw_include/libdriver.a(uart_intstatus_.o)
                              gcc/serialISR.o (UARTIntStatus)
hw_include/libdriver.a(gpio_padconfigset_.o)
                              hw_include/libdriver.a(gpio_pintypei2c_.o) (GPIOPadConfigSet)
hw_include/libdriver.a(i2c_masterenable_.o)
                              hw_include/libdriver.a(i2c_masterinit_.o) (I2CMasterEnable)
/opt/cross-compile/gcc-arm-none-eabi-10.3-2021.10/bin/../lib/gcc/arm-none-eabi/10.3.1/../../../../arm-none-eabi/lib/thumb/nofp/libc.a(lib_a-memcpy-stub.o)
                              gcc/cli.o (memcpy)
/opt/cross-compile/gcc-arm-none-eabi-10.3-2021.10/bin/../lib/gcc/arm-none-eabi/10.3.1/../../../../arm-none-eabi/lib/thumb/nofp/libc.a(lib_a-memset.o)
                              gcc/UARTCommandConsole.o (memset)
/opt/cross-compile/gcc-arm-none-eabi-10.3-2021.10/bin/../lib/gcc/arm-none-eabi/10.3.1/../../../../arm-none-eabi/lib/thumb/nofp/libc.a(lib_a-strcpy.o)
                              gcc/UARTCommandConsole.o (strcpy)
/opt/cross-compile/gcc-arm-none-eabi-10.3-2021.10/bin/../lib/gcc/arm-none-eabi/10.3.1/../../../../arm-none-eabi/lib/thumb/nofp/libc.a(lib_a-strlen-stub.o)
                              gcc/FreeRTOS_CLI.o (strlen)
/opt/cross-compile/gcc-arm-none-eabi-10.3-2021.10/bin/../lib/gcc/arm-none-eabi/10.3.1/../../../../arm-none-eabi/lib/thumb/nofp/libc.a(lib_a-strncmp.o)
                              gcc/FreeRTOS_CLI.o (strncmp)
/opt/cross-compile/gcc-arm-none-eabi-10.3-2021.10/bin/../lib/gcc/arm-none-eabi/10.3.1/../../../../arm-none-eabi/lib/thumb/nofp/libc.a(lib_a-strncpy.o)
                              gcc/FreeRTOS_CLI.o (strncpy)

Discarded input sections

 .data          0x0000000000000000        0x0 gcc/startup.o
 .data          0x0000000000000000        0x0 gcc/main.o
 .data          0x0000000000000000        0x0 gcc/UARTCommandConsole.o
 .data          0x0000000000000000        0x0 gcc/printf-stdarg.o
 .data          0x0000000000000000        0x0 gcc/cli.o
 .bss           0x0000000000000000        0x0 gcc/cli.o
 .data          0x0000000000000000        0x0 gcc/list.o
 .bss           0x0000000000000000        0x0 gcc/list.o
 .data          0x0000000000000000        0x0 gcc/queue.o
 .bss           0x0000000000000000        0x0 gcc/queue.o
 .data          0x0000000000000000        0x0 gcc/heap_1.o
 .data          0x0000000000000000        0x0 gcc/serialISR.o
 .data          0x0000000000000000        0x0 gcc/serial.o
 .text          0x0000000000000000      0x370 gcc/osram96x16.o
 .data          0x0000000000000000        0x0 gcc/osram96x16.o
 .bss           0x0000000000000000        0x4 gcc/osram96x16.o
 .rodata        0x0000000000000000      0x25d gcc/osram96x16.o
 .debug_info    0x0000000000000000      0x8f6 gcc/osram96x16.o
 .debug_abbrev  0x0000000000000000      0x137 gcc/osram96x16.o
 .debug_loc     0x0000000000000000      0x39c gcc/osram96x16.o
 .debug_aranges
                0x0000000000000000       0x20 gcc/osram96x16.o
 .debug_line    0x0000000000000000      0x3a9 gcc/osram96x16.o
 .debug_str     0x0000000000000000      0x280 gcc/osram96x16.o
 .comment       0x0000000000000000       0x4a gcc/osram96x16.o
 .debug_frame   0x0000000000000000      0x15c gcc/osram96x16.o
 .ARM.attributes
                0x0000000000000000       0x2d gcc/osram96x16.o
 .data          0x0000000000000000        0x0 gcc/hello.o
 .data          0x0000000000000000        0x0 hw_include/libdriver.a(gpio_dirmodeset_.o)
 .bss           0x0000000000000000        0x0 hw_include/libdriver.a(gpio_dirmodeset_.o)
 .data          0x0000000000000000        0x0 hw_include/libdriver.a(gpio_inttypeset_.o)
 .bss           0x0000000000000000        0x0 hw_include/libdriver.a(gpio_inttypeset_.o)
 .data          0x0000000000000000        0x0 hw_include/libdriver.a(gpio_pinintclear_.o)
 .bss           0x0000000000000000        0x0 hw_include/libdriver.a(gpio_pinintclear_.o)
 .data          0x0000000000000000        0x0 hw_include/libdriver.a(gpio_pinintenable_.o)
 .bss           0x0000000000000000        0x0 hw_include/libdriver.a(gpio_pinintenable_.o)
 .text          0x0000000000000000       0x20 hw_include/libdriver.a(gpio_pintypei2c_.o)
 .data          0x0000000000000000        0x0 hw_include/libdriver.a(gpio_pintypei2c_.o)
 .bss           0x0000000000000000        0x0 hw_include/libdriver.a(gpio_pintypei2c_.o)
 .comment       0x0000000000000000       0x22 hw_include/libdriver.a(gpio_pintypei2c_.o)
 .ARM.attributes
                0x0000000000000000       0x31 hw_include/libdriver.a(gpio_pintypei2c_.o)
 .text          0x0000000000000000        0x4 hw_include/libdriver.a(i2c_mastercontrol_.o)
 .data          0x0000000000000000        0x0 hw_include/libdriver.a(i2c_mastercontrol_.o)
 .bss           0x0000000000000000        0x0 hw_include/libdriver.a(i2c_mastercontrol_.o)
 .comment       0x0000000000000000       0x22 hw_include/libdriver.a(i2c_mastercontrol_.o)
 .ARM.attributes
                0x0000000000000000       0x31 hw_include/libdriver.a(i2c_mastercontrol_.o)
 .text          0x0000000000000000        0x4 hw_include/libdriver.a(i2c_masterdataput_.o)
 .data          0x0000000000000000        0x0 hw_include/libdriver.a(i2c_masterdataput_.o)
 .bss           0x0000000000000000        0x0 hw_include/libdriver.a(i2c_masterdataput_.o)
 .comment       0x0000000000000000       0x22 hw_include/libdriver.a(i2c_masterdataput_.o)
 .ARM.attributes
                0x0000000000000000       0x31 hw_include/libdriver.a(i2c_masterdataput_.o)
 .text          0x0000000000000000       0x34 hw_include/libdriver.a(i2c_masterinit_.o)
 .data          0x0000000000000000        0x0 hw_include/libdriver.a(i2c_masterinit_.o)
 .bss           0x0000000000000000        0x0 hw_include/libdriver.a(i2c_masterinit_.o)
 .comment       0x0000000000000000       0x22 hw_include/libdriver.a(i2c_masterinit_.o)
 .ARM.attributes
                0x0000000000000000       0x31 hw_include/libdriver.a(i2c_masterinit_.o)
 .text          0x0000000000000000       0x18 hw_include/libdriver.a(i2c_masterintstatus_.o)
 .data          0x0000000000000000        0x0 hw_include/libdriver.a(i2c_masterintstatus_.o)
 .bss           0x0000000000000000        0x0 hw_include/libdriver.a(i2c_masterintstatus_.o)
 .comment       0x0000000000000000       0x22 hw_include/libdriver.a(i2c_masterintstatus_.o)
 .ARM.attributes
                0x0000000000000000       0x31 hw_include/libdriver.a(i2c_masterintstatus_.o)
 .text          0x0000000000000000        0x8 hw_include/libdriver.a(i2c_masterslaveaddrset_.o)
 .data          0x0000000000000000        0x0 hw_include/libdriver.a(i2c_masterslaveaddrset_.o)
 .bss           0x0000000000000000        0x0 hw_include/libdriver.a(i2c_masterslaveaddrset_.o)
 .comment       0x0000000000000000       0x22 hw_include/libdriver.a(i2c_masterslaveaddrset_.o)
 .ARM.attributes
                0x0000000000000000       0x31 hw_include/libdriver.a(i2c_masterslaveaddrset_.o)
 .data          0x0000000000000000        0x0 hw_include/libdriver.a(interrupt_enable_.o)
 .bss           0x0000000000000000        0x0 hw_include/libdriver.a(interrupt_enable_.o)
 .data          0x0000000000000000        0x0 hw_include/libdriver.a(interrupt_priorityset_.o)
 .bss           0x0000000000000000        0x0 hw_include/libdriver.a(interrupt_priorityset_.o)
 .text          0x0000000000000000        0x0 hw_include/libdriver.a(interrupt_pulregs_.o)
 .data          0x0000000000000000        0x0 hw_include/libdriver.a(interrupt_pulregs_.o)
 .bss           0x0000000000000000        0x0 hw_include/libdriver.a(interrupt_pulregs_.o)
 .data          0x0000000000000000        0x0 hw_include/libdriver.a(sysctl_clockget_.o)
 .bss           0x0000000000000000        0x0 hw_include/libdriver.a(sysctl_clockget_.o)
 .data          0x0000000000000000        0x0 hw_include/libdriver.a(sysctl_clockset_.o)
 .bss           0x0000000000000000        0x0 hw_include/libdriver.a(sysctl_clockset_.o)
 .data          0x0000000000000000        0x0 hw_include/libdriver.a(sysctl_peripheralenable_.o)
 .bss           0x0000000000000000        0x0 hw_include/libdriver.a(sysctl_peripheralenable_.o)
 .text          0x0000000000000000        0x0 hw_include/libdriver.a(sysctl_pulrcgcregs_.o)
 .data          0x0000000000000000        0x0 hw_include/libdriver.a(sysctl_pulrcgcregs_.o)
 .bss           0x0000000000000000        0x0 hw_include/libdriver.a(sysctl_pulrcgcregs_.o)
 .text          0x0000000000000000        0x0 hw_include/libdriver.a(sysctl_pulxtals_.o)
 .data          0x0000000000000000        0x0 hw_include/libdriver.a(sysctl_pulxtals_.o)
 .bss           0x0000000000000000        0x0 hw_include/libdriver.a(sysctl_pulxtals_.o)
 .data          0x0000000000000000        0x0 hw_include/libdriver.a(uart_charnonblockingget_.o)
 .bss           0x0000000000000000        0x0 hw_include/libdriver.a(uart_charnonblockingget_.o)
 .data          0x0000000000000000        0x0 hw_include/libdriver.a(uart_charput_.o)
 .bss           0x0000000000000000        0x0 hw_include/libdriver.a(uart_charput_.o)
 .data          0x0000000000000000        0x0 hw_include/libdriver.a(uart_configset_.o)
 .bss           0x0000000000000000        0x0 hw_include/libdriver.a(uart_configset_.o)
 .data          0x0000000000000000        0x0 hw_include/libdriver.a(uart_disable_.o)
 .bss           0x0000000000000000        0x0 hw_include/libdriver.a(uart_disable_.o)
 .data          0x0000000000000000        0x0 hw_include/libdriver.a(uart_enable_.o)
 .bss           0x0000000000000000        0x0 hw_include/libdriver.a(uart_enable_.o)
 .data          0x0000000000000000        0x0 hw_include/libdriver.a(uart_intclear_.o)
 .bss           0x0000000000000000        0x0 hw_include/libdriver.a(uart_intclear_.o)
 .data          0x0000000000000000        0x0 hw_include/libdriver.a(uart_intdisable_.o)
 .bss           0x0000000000000000        0x0 hw_include/libdriver.a(uart_intdisable_.o)
 .data          0x0000000000000000        0x0 hw_include/libdriver.a(uart_intenable_.o)
 .bss           0x0000000000000000        0x0 hw_include/libdriver.a(uart_intenable_.o)
 .data          0x0000000000000000        0x0 hw_include/libdriver.a(uart_intstatus_.o)
 .bss           0x0000000000000000        0x0 hw_include/libdriver.a(uart_intstatus_.o)
 .text          0x0000000000000000      0x11c hw_include/libdriver.a(gpio_padconfigset_.o)
 .data          0x0000000000000000        0x0 hw_include/libdriver.a(gpio_padconfigset_.o)
 .bss           0x0000000000000000        0x0 hw_include/libdriver.a(gpio_padconfigset_.o)
 .comment       0x0000000000000000       0x22 hw_include/libdriver.a(gpio_padconfigset_.o)
 .ARM.attributes
                0x0000000000000000       0x31 hw_include/libdriver.a(gpio_padconfigset_.o)
 .text          0x0000000000000000        0xc hw_include/libdriver.a(i2c_masterenable_.o)
 .data          0x0000000000000000        0x0 hw_include/libdriver.a(i2c_masterenable_.o)
 .bss           0x0000000000000000        0x0 hw_include/libdriver.a(i2c_masterenable_.o)
 .comment       0x0000000000000000       0x22 hw_include/libdriver.a(i2c_masterenable_.o)
 .ARM.attributes
                0x0000000000000000       0x31 hw_include/libdriver.a(i2c_masterenable_.o)
 .text          0x0000000000000000        0x0 /opt/cross-compile/gcc-arm-none-eabi-10.3-2021.10/bin/../lib/gcc/arm-none-eabi/10.3.1/../../../../arm-none-eabi/lib/thumb/nofp/libc.a(lib_a-memcpy-stub.o)
 .data          0x0000000000000000        0x0 /opt/cross-compile/gcc-arm-none-eabi-10.3-2021.10/bin/../lib/gcc/arm-none-eabi/10.3.1/../../../../arm-none-eabi/lib/thumb/nofp/libc.a(lib_a-memcpy-stub.o)
 .bss           0x0000000000000000        0x0 /opt/cross-compile/gcc-arm-none-eabi-10.3-2021.10/bin/../lib/gcc/arm-none-eabi/10.3.1/../../../../arm-none-eabi/lib/thumb/nofp/libc.a(lib_a-memcpy-stub.o)
 .text          0x0000000000000000        0x0 /opt/cross-compile/gcc-arm-none-eabi-10.3-2021.10/bin/../lib/gcc/arm-none-eabi/10.3.1/../../../../arm-none-eabi/lib/thumb/nofp/libc.a(lib_a-memset.o)
 .data          0x0000000000000000        0x0 /opt/cross-compile/gcc-arm-none-eabi-10.3-2021.10/bin/../lib/gcc/arm-none-eabi/10.3.1/../../../../arm-none-eabi/lib/thumb/nofp/libc.a(lib_a-memset.o)
 .bss           0x0000000000000000        0x0 /opt/cross-compile/gcc-arm-none-eabi-10.3-2021.10/bin/../lib/gcc/arm-none-eabi/10.3.1/../../../../arm-none-eabi/lib/thumb/nofp/libc.a(lib_a-memset.o)
 .text          0x0000000000000000        0x0 /opt/cross-compile/gcc-arm-none-eabi-10.3-2021.10/bin/../lib/gcc/arm-none-eabi/10.3.1/../../../../arm-none-eabi/lib/thumb/nofp/libc.a(lib_a-strcpy.o)
 .data          0x0000000000000000        0x0 /opt/cross-compile/gcc-arm-none-eabi-10.3-2021.10/bin/../lib/gcc/arm-none-eabi/10.3.1/../../../../arm-none-eabi/lib/thumb/nofp/libc.a(lib_a-strcpy.o)
 .bss           0x0000000000000000        0x0 /opt/cross-compile/gcc-arm-none-eabi-10.3-2021.10/bin/../lib/gcc/arm-none-eabi/10.3.1/../../../../arm-none-eabi/lib/thumb/nofp/libc.a(lib_a-strcpy.o)
 .text          0x0000000000000000        0x0 /opt/cross-compile/gcc-arm-none-eabi-10.3-2021.10/bin/../lib/gcc/arm-none-eabi/10.3.1/../../../../arm-none-eabi/lib/thumb/nofp/libc.a(lib_a-strlen-stub.o)
 .data          0x0000000000000000        0x0 /opt/cross-compile/gcc-arm-none-eabi-10.3-2021.10/bin/../lib/gcc/arm-none-eabi/10.3.1/../../../../arm-none-eabi/lib/thumb/nofp/libc.a(lib_a-strlen-stub.o)
 .bss           0x0000000000000000        0x0 /opt/cross-compile/gcc-arm-none-eabi-10.3-2021.10/bin/../lib/gcc/arm-none-eabi/10.3.1/../../../../arm-none-eabi/lib/thumb/nofp/libc.a(lib_a-strlen-stub.o)
 .text          0x0000000000000000        0x0 /opt/cross-compile/gcc-arm-none-eabi-10.3-2021.10/bin/../lib/gcc/arm-none-eabi/10.3.1/../../../../arm-none-eabi/lib/thumb/nofp/libc.a(lib_a-strncmp.o)
 .data          0x0000000000000000        0x0 /opt/cross-compile/gcc-arm-none-eabi-10.3-2021.10/bin/../lib/gcc/arm-none-eabi/10.3.1/../../../../arm-none-eabi/lib/thumb/nofp/libc.a(lib_a-strncmp.o)
 .bss           0x0000000000000000        0x0 /opt/cross-compile/gcc-arm-none-eabi-10.3-2021.10/bin/../lib/gcc/arm-none-eabi/10.3.1/../../../../arm-none-eabi/lib/thumb/nofp/libc.a(lib_a-strncmp.o)
 .text          0x0000000000000000        0x0 /opt/cross-compile/gcc-arm-none-eabi-10.3-2021.10/bin/../lib/gcc/arm-none-eabi/10.3.1/../../../../arm-none-eabi/lib/thumb/nofp/libc.a(lib_a-strncpy.o)
 .data          0x0000000000000000        0x0 /opt/cross-compile/gcc-arm-none-eabi-10.3-2021.10/bin/../lib/gcc/arm-none-eabi/10.3.1/../../../../arm-none-eabi/lib/thumb/nofp/libc.a(lib_a-strncpy.o)
 .bss           0x0000000000000000        0x0 /opt/cross-compile/gcc-arm-none-eabi-10.3-2021.10/bin/../lib/gcc/arm-none-eabi/10.3.1/../../../../arm-none-eabi/lib/thumb/nofp/libc.a(lib_a-strncpy.o)

Memory Configuration

Name             Origin             Length             Attributes
FLASH            0x0000000000000000 0x0000000000010000 xr
SRAM             0x0000000020000000 0x0000000000002000 xrw
*default*        0x0000000000000000 0xffffffffffffffff

Linker script and memory map


.text           0x0000000000000000     0x3614
 *(.isr_vector)
 .isr_vector    0x0000000000000000       0xb8 gcc/startup.o
                0x0000000000000000                g_pfnVectors
 *(.text*)
 .text          0x00000000000000b8       0x68 gcc/startup.o
                0x00000000000000be                ResetISR
 .text          0x0000000000000120       0xf4 gcc/main.o
                0x0000000000000120                main
                0x00000000000001d4                vGPIO_ISR
 .text          0x0000000000000214      0x1b8 gcc/FreeRTOS_CLI.o
                0x0000000000000248                FreeRTOS_CLIRegisterCommand
                0x0000000000000278                FreeRTOS_CLIProcessCommand
                0x000000000000035c                FreeRTOS_CLIGetOutputBuffer
                0x0000000000000364                FreeRTOS_CLIGetParameter
 .text          0x00000000000003cc      0x1d0 gcc/UARTCommandConsole.o
                0x00000000000004f8                vUARTCommandConsoleStart
                0x000000000000052c                vOutputString
                0x0000000000000568                vOutputChar
 .text          0x000000000000059c      0x5e8 gcc/printf-stdarg.o
                0x00000000000007be                sprintf
                0x0000000000000a38                tiny_printf
                0x0000000000000a66                vsnprintf
                0x0000000000000a88                snprintf
                0x0000000000000ab6                vsprintf
                0x0000000000000ada                mkSize
 .text          0x0000000000000b84       0x64 gcc/cli.o
                0x0000000000000bd0                RegisterCliCommands
 .text          0x0000000000000be8       0x88 gcc/list.o
                0x0000000000000be8                vListInitialise
                0x0000000000000bfe                vListInitialiseItem
                0x0000000000000c04                vListInsertEnd
                0x0000000000000c1a                vListInsert
                0x0000000000000c4c                uxListRemove
 .text          0x0000000000000c70      0x840 gcc/queue.o
                0x0000000000000d96                xQueueGenericReset
                0x0000000000000e06                xQueueGenericCreate
                0x0000000000000e3c                xQueueGenericSend
                0x0000000000000f60                xQueueCreateMutex
                0x0000000000000f84                xQueueGenericSendFromISR
                0x0000000000000ff6                xQueueGiveFromISR
                0x000000000000105a                xQueueReceive
                0x0000000000001168                xQueueSemaphoreTake
                0x00000000000012b0                xQueuePeek
                0x00000000000013ba                xQueueReceiveFromISR
                0x0000000000001426                xQueuePeekFromISR
                0x0000000000001456                uxQueueMessagesWaiting
                0x0000000000001468                uxQueueSpacesAvailable
                0x000000000000147e                uxQueueMessagesWaitingFromISR
                0x0000000000001482                vQueueDelete
                0x000000000000148a                uxQueueGetQueueNumber
                0x000000000000148e                vQueueSetQueueNumber
                0x0000000000001492                ucQueueGetQueueType
                0x0000000000001498                xQueueIsQueueEmptyFromISR
                0x00000000000014a2                xQueueIsQueueFullFromISR
 .text          0x00000000000014b0     0x12e8 gcc/tasks.o
                0x0000000000001574                xTaskCreate
                0x000000000000171c                eTaskGetState
                0x0000000000001778                vTaskResume
                0x00000000000017fc                xTaskResumeFromISR
                0x000000000000189c                vTaskStartScheduler
                0x00000000000018fc                vTaskEndScheduler
                0x0000000000001920                vTaskSuspendAll
                0x0000000000001934                xTaskGetTickCount
                0x0000000000001940                xTaskGetTickCountFromISR
                0x000000000000194c                uxTaskGetNumberOfTasks
                0x0000000000001958                pcTaskGetName
                0x000000000000196c                vTaskStepTick
                0x000000000000197c                xTaskIncrementTick
                0x0000000000001a78                xTaskResumeAll
                0x0000000000001b54                xTaskDelayUntil
                0x0000000000001bc0                vTaskDelay
                0x0000000000001c14                xTaskCatchUpTicks
                0x0000000000001c34                vTaskSwitchContext
                0x0000000000001c9c                vTaskSuspend
                0x0000000000001d60                vTaskPlaceOnEventList
                0x0000000000001d7c                vTaskPlaceOnUnorderedEventList
                0x0000000000001da0                xTaskRemoveFromEventList
                0x0000000000001e0c                vTaskRemoveFromUnorderedEventList
                0x0000000000001e5c                vTaskSetTimeOutState
                0x0000000000001e7c                vTaskInternalSetTimeOutState
                0x0000000000001e90                xTaskCheckForTimeOut
                0x0000000000001ef0                vTaskMissedYield
                0x0000000000001f00                uxTaskGetTaskNumber
                0x0000000000001f0a                vTaskSetTaskNumber
                0x0000000000001f10                eTaskConfirmSleepModeStatus
                0x0000000000001f4c                vTaskGetInfo
                0x0000000000002036                uxTaskGetSystemState
                0x00000000000020cc                xTaskGetCurrentTaskHandle
                0x00000000000020d8                xTaskPriorityInherit
                0x000000000000217c                xTaskPriorityDisinherit
                0x00000000000021e8                vTaskPriorityDisinheritAfterTimeout
                0x0000000000002268                vTaskList
                0x0000000000002354                uxTaskResetEventItemValue
                0x000000000000236c                pvTaskIncrementMutexHeldCount
                0x0000000000002388                ulTaskGenericNotifyTake
                0x000000000000241c                xTaskGenericNotifyWait
                0x00000000000024cc                xTaskGenericNotify
                0x00000000000025a8                xTaskGenericNotifyFromISR
                0x0000000000002694                vTaskGenericNotifyGiveFromISR
                0x0000000000002730                xTaskGenericNotifyStateClear
                0x0000000000002768                ulTaskGenericNotifyValueClear
 *fill*         0x0000000000002798        0x8 
 .text          0x00000000000027a0      0x2ac gcc/port.o
                0x00000000000027e0                pxPortInitialiseStack
                0x0000000000002804                vPortSVCHandler
                0x0000000000002834                vPortEndScheduler
                0x0000000000002836                vPortEnterCritical
                0x0000000000002854                vPortExitCritical
                0x0000000000002868                xPortPendSVHandler
                0x00000000000028b4                xPortSysTickHandler
                0x00000000000028e0                vPortSuppressTicksAndSleep
                0x00000000000029e4                vPortSetupTimerInterrupt
                0x0000000000002a10                xPortStartScheduler
 .text          0x0000000000002a4c       0xa4 gcc/heap_1.o
                0x0000000000002a4c                pvPortMalloc
                0x0000000000002ad0                vPortFree
                0x0000000000002ad2                vPortInitialiseBlocks
                0x0000000000002ae0                xPortGetFreeHeapSize
 .text          0x0000000000002af0       0x8c gcc/serialISR.o
                0x0000000000002af0                vSerialISRCreateQueues
                0x0000000000002b08                vUART_ISR_Handler
                0x0000000000002b08                vUART_ISR_Wrapper
 .text          0x0000000000002b7c       0x98 gcc/serial.o
                0x0000000000002b7c                xSerialPortInitMinimal
                0x0000000000002bc0                xSerialGetChar
                0x0000000000002bd8                vSerialPutString
                0x0000000000002bfc                xSerialPutChar
                0x0000000000002c10                vSerialClose
 .text          0x0000000000002c14       0x40 gcc/hello.o
                0x0000000000002c14                hello_entry
 .text          0x0000000000002c54       0x48 hw_include/libdriver.a(gpio_dirmodeset_.o)
                0x0000000000002c54                GPIODirModeSet
 .text          0x0000000000002c9c       0x74 hw_include/libdriver.a(gpio_inttypeset_.o)
                0x0000000000002c9c                GPIOIntTypeSet
 .text          0x0000000000002d10        0x8 hw_include/libdriver.a(gpio_pinintclear_.o)
                0x0000000000002d10                GPIOPinIntClear
 .text          0x0000000000002d18        0xc hw_include/libdriver.a(gpio_pinintenable_.o)
                0x0000000000002d18                GPIOPinIntEnable
 .text          0x0000000000002d24       0x5c hw_include/libdriver.a(interrupt_enable_.o)
                0x0000000000002d24                IntEnable
 .text          0x0000000000002d80       0x30 hw_include/libdriver.a(interrupt_priorityset_.o)
                0x0000000000002d80                IntPrioritySet
 .text          0x0000000000002db0       0x90 hw_include/libdriver.a(sysctl_clockget_.o)
                0x0000000000002db0                SysCtlClockGet
 .text          0x0000000000002e40       0xcc hw_include/libdriver.a(sysctl_clockset_.o)
                0x0000000000002e40                SysCtlClockSet
 .text          0x0000000000002f0c       0x1c hw_include/libdriver.a(sysctl_peripheralenable_.o)
                0x0000000000002f0c                SysCtlPeripheralEnable
 .text          0x0000000000002f28       0x10 hw_include/libdriver.a(uart_charnonblockingget_.o)
                0x0000000000002f28                UARTCharNonBlockingGet
 .text          0x0000000000002f38       0x10 hw_include/libdriver.a(uart_charput_.o)
                0x0000000000002f38                UARTCharPut
 .text          0x0000000000002f48       0x38 hw_include/libdriver.a(uart_configset_.o)
                0x0000000000002f48                UARTConfigSet
 .text          0x0000000000002f80       0x24 hw_include/libdriver.a(uart_disable_.o)
                0x0000000000002f80                UARTDisable
 .text          0x0000000000002fa4       0x18 hw_include/libdriver.a(uart_enable_.o)
                0x0000000000002fa4                UARTEnable
 .text          0x0000000000002fbc        0x4 hw_include/libdriver.a(uart_intclear_.o)
                0x0000000000002fbc                UARTIntClear
 .text          0x0000000000002fc0        0xc hw_include/libdriver.a(uart_intdisable_.o)
                0x0000000000002fc0                UARTIntDisable
 .text          0x0000000000002fcc        0x8 hw_include/libdriver.a(uart_intenable_.o)
                0x0000000000002fcc                UARTIntEnable
 .text          0x0000000000002fd4        0xc hw_include/libdriver.a(uart_intstatus_.o)
                0x0000000000002fd4                UARTIntStatus
 .text.memcpy   0x0000000000002fe0       0xa8 /opt/cross-compile/gcc-arm-none-eabi-10.3-2021.10/bin/../lib/gcc/arm-none-eabi/10.3.1/../../../../arm-none-eabi/lib/thumb/nofp/libc.a(lib_a-memcpy-stub.o)
                0x0000000000002fe0                memcpy
 .text.memset   0x0000000000003088       0xb0 /opt/cross-compile/gcc-arm-none-eabi-10.3-2021.10/bin/../lib/gcc/arm-none-eabi/10.3.1/../../../../arm-none-eabi/lib/thumb/nofp/libc.a(lib_a-memset.o)
                0x0000000000003088                memset
 .text.strcpy   0x0000000000003138       0x10 /opt/cross-compile/gcc-arm-none-eabi-10.3-2021.10/bin/../lib/gcc/arm-none-eabi/10.3.1/../../../../arm-none-eabi/lib/thumb/nofp/libc.a(lib_a-strcpy.o)
                0x0000000000003138                strcpy
 .text.strlen   0x0000000000003148       0x60 /opt/cross-compile/gcc-arm-none-eabi-10.3-2021.10/bin/../lib/gcc/arm-none-eabi/10.3.1/../../../../arm-none-eabi/lib/thumb/nofp/libc.a(lib_a-strlen-stub.o)
                0x0000000000003148                strlen
 .text.strncmp  0x00000000000031a8       0x78 /opt/cross-compile/gcc-arm-none-eabi-10.3-2021.10/bin/../lib/gcc/arm-none-eabi/10.3.1/../../../../arm-none-eabi/lib/thumb/nofp/libc.a(lib_a-strncmp.o)
                0x00000000000031a8                strncmp
 .text.strncpy  0x0000000000003220       0x74 /opt/cross-compile/gcc-arm-none-eabi-10.3-2021.10/bin/../lib/gcc/arm-none-eabi/10.3.1/../../../../arm-none-eabi/lib/thumb/nofp/libc.a(lib_a-strncpy.o)
                0x0000000000003220                strncpy
 *(.rodata*)
 .rodata.str1.4
                0x0000000000003294       0xe0 gcc/FreeRTOS_CLI.o
 .rodata        0x0000000000003374       0x10 gcc/FreeRTOS_CLI.o
 .rodata.str1.4
                0x0000000000003384       0x90 gcc/UARTCommandConsole.o
                                         0x94 (size before relaxing)
 .rodata.str1.4
                0x0000000000003414       0x41 gcc/printf-stdarg.o
 *fill*         0x0000000000003455        0x3 
 .rodata.str1.4
                0x0000000000003458       0xeb gcc/cli.o
 *fill*         0x0000000000003543        0x1 
 .rodata        0x0000000000003544       0x20 gcc/cli.o
 .rodata.str1.4
                0x0000000000003564       0x17 gcc/tasks.o
 *fill*         0x000000000000357b        0x1 
 .rodata.str1.4
                0x000000000000357c       0x2b gcc/hello.o
 *fill*         0x00000000000035a7        0x1 
 .rodata        0x00000000000035a8       0x30 hw_include/libdriver.a(interrupt_pulregs_.o)
                0x00000000000035a8                g_pulRegs
 .rodata        0x00000000000035d8        0xc hw_include/libdriver.a(sysctl_pulrcgcregs_.o)
                0x00000000000035d8                g_pulRCGCRegs
 .rodata        0x00000000000035e4       0x30 hw_include/libdriver.a(sysctl_pulxtals_.o)
                0x00000000000035e4                g_pulXtals
                0x0000000000003614                _etext = .

.glue_7         0x0000000000003614        0x0
 .glue_7        0x0000000000003614        0x0 linker stubs

.glue_7t        0x0000000000003614        0x0
 .glue_7t       0x0000000000003614        0x0 linker stubs

.vfp11_veneer   0x0000000000003614        0x0
 .vfp11_veneer  0x0000000000003614        0x0 linker stubs

.v4_bx          0x0000000000003614        0x0
 .v4_bx         0x0000000000003614        0x0 linker stubs

.iplt           0x0000000000003614        0x0
 .iplt          0x0000000000003614        0x0 gcc/startup.o

.rel.dyn        0x0000000000003614        0x0
 .rel.iplt      0x0000000000003614        0x0 gcc/startup.o

.data           0x0000000020000000       0x14 load address 0x0000000000003614
                0x0000000020000000                _data = .
 *(vtable)
 *(.data)
 .data          0x0000000020000000        0xc gcc/FreeRTOS_CLI.o
 .data          0x000000002000000c        0x4 gcc/tasks.o
                0x000000002000000c                uxTopUsedPriority
 .data          0x0000000020000010        0x4 gcc/port.o
                0x0000000020000014                _edata = .

.igot.plt       0x0000000020000014        0x0 load address 0x0000000000003628
 .igot.plt      0x0000000020000014        0x0 gcc/startup.o

.bss            0x0000000020000014     0x1b2c load address 0x0000000000003628
                0x0000000020000014                _bss = .
 *(.bss)
 .bss           0x0000000020000014      0x200 gcc/startup.o
 .bss           0x0000000020000214        0x8 gcc/main.o
                0x0000000020000214                xButtonSemaphore
                0x0000000020000218                xPrintQueue
 .bss           0x000000002000021c      0x3f0 gcc/FreeRTOS_CLI.o
 .bss           0x000000002000060c       0x70 gcc/UARTCommandConsole.o
                0x000000002000060c                xTxMutex
                0x0000000020000678                xCLITaskHandle
 .bss           0x000000002000067c       0x21 gcc/printf-stdarg.o
 *fill*         0x000000002000069d        0x3 
 .bss           0x00000000200006a0       0xec gcc/tasks.o
                0x00000000200006a4                pxCurrentTCB
 .bss           0x000000002000078c        0xc gcc/port.o
 .bss           0x0000000020000798     0x1390 gcc/heap_1.o
 .bss           0x0000000020001b28       0x10 gcc/serialISR.o
 .bss           0x0000000020001b38        0x4 gcc/serial.o
 .bss           0x0000000020001b3c        0x4 gcc/hello.o
                0x0000000020001b3c                comHandle
 *(COMMON)
                0x0000000020001b40                _ebss = .
LOAD gcc/startup.o
LOAD gcc/main.o
LOAD gcc/FreeRTOS_CLI.o
LOAD gcc/UARTCommandConsole.o
LOAD gcc/printf-stdarg.o
LOAD gcc/cli.o
LOAD gcc/list.o
LOAD gcc/queue.o
LOAD gcc/tasks.o
LOAD gcc/port.o
LOAD gcc/heap_1.o
LOAD gcc/serialISR.o
LOAD gcc/serial.o
LOAD gcc/osram96x16.o
LOAD gcc/hello.o
LOAD hw_include/libdriver.a
LOAD /opt/cross-compile/gcc-arm-none-eabi-10.3-2021.10/bin/../lib/gcc/arm-none-eabi/10.3.1/../../../../arm-none-eabi/lib/thumb/nofp/libc.a
LOAD /opt/cross-compile/gcc-arm-none-eabi-10.3-2021.10/bin/../lib/gcc/arm-none-eabi/10.3.1/thumb/nofp/libgcc.a
OUTPUT(gcc/RTOSDemo.axf elf32-littlearm)
LOAD linker stubs

.debug_info     0x0000000000000000     0x743e
 .debug_info    0x0000000000000000      0x155 gcc/startup.o
 .debug_info    0x0000000000000155      0x42b gcc/main.o
 .debug_info    0x0000000000000580      0x58c gcc/FreeRTOS_CLI.o
 .debug_info    0x0000000000000b0c      0x62a gcc/UARTCommandConsole.o
 .debug_info    0x0000000000001136      0xba3 gcc/printf-stdarg.o
 .debug_info    0x0000000000001cd9      0x304 gcc/cli.o
 .debug_info    0x0000000000001fdd      0x2e0 gcc/list.o
 .debug_info    0x00000000000022bd     0x1a2f gcc/queue.o
 .debug_info    0x0000000000003cec     0x28ca gcc/tasks.o
 .debug_info    0x00000000000065b6      0x482 gcc/port.o
 .debug_info    0x0000000000006a38      0x1d2 gcc/heap_1.o
 .debug_info    0x0000000000006c0a      0x28e gcc/serialISR.o
 .debug_info    0x0000000000006e98      0x410 gcc/serial.o
 .debug_info    0x00000000000072a8      0x196 gcc/hello.o

.debug_abbrev   0x0000000000000000     0x1988
 .debug_abbrev  0x0000000000000000       0xe5 gcc/startup.o
 .debug_abbrev  0x00000000000000e5      0x13d gcc/main.o
 .debug_abbrev  0x0000000000000222      0x218 gcc/FreeRTOS_CLI.o
 .debug_abbrev  0x000000000000043a      0x192 gcc/UARTCommandConsole.o
 .debug_abbrev  0x00000000000005cc      0x371 gcc/printf-stdarg.o
 .debug_abbrev  0x000000000000093d      0x154 gcc/cli.o
 .debug_abbrev  0x0000000000000a91      0x106 gcc/list.o
 .debug_abbrev  0x0000000000000b97      0x2fa gcc/queue.o
 .debug_abbrev  0x0000000000000e91      0x3cb gcc/tasks.o
 .debug_abbrev  0x000000000000125c      0x260 gcc/port.o
 .debug_abbrev  0x00000000000014bc      0x133 gcc/heap_1.o
 .debug_abbrev  0x00000000000015ef       0xff gcc/serialISR.o
 .debug_abbrev  0x00000000000016ee      0x199 gcc/serial.o
 .debug_abbrev  0x0000000000001887      0x101 gcc/hello.o

.debug_loc      0x0000000000000000     0x5537
 .debug_loc     0x0000000000000000       0x62 gcc/startup.o
 .debug_loc     0x0000000000000062      0x50c gcc/FreeRTOS_CLI.o
 .debug_loc     0x000000000000056e      0x196 gcc/UARTCommandConsole.o
 .debug_loc     0x0000000000000704      0xe89 gcc/printf-stdarg.o
 .debug_loc     0x000000000000158d      0x171 gcc/cli.o
 .debug_loc     0x00000000000016fe       0xa0 gcc/list.o
 .debug_loc     0x000000000000179e     0x1366 gcc/queue.o
 .debug_loc     0x0000000000002b04     0x24bd gcc/tasks.o
 .debug_loc     0x0000000000004fc1      0x1f6 gcc/port.o
 .debug_loc     0x00000000000051b7       0xa3 gcc/heap_1.o
 .debug_loc     0x000000000000525a       0x7c gcc/serialISR.o
 .debug_loc     0x00000000000052d6      0x261 gcc/serial.o

.debug_aranges  0x0000000000000000      0x1c0
 .debug_aranges
                0x0000000000000000       0x20 gcc/startup.o
 .debug_aranges
                0x0000000000000020       0x20 gcc/main.o
 .debug_aranges
                0x0000000000000040       0x20 gcc/FreeRTOS_CLI.o
 .debug_aranges
                0x0000000000000060       0x20 gcc/UARTCommandConsole.o
 .debug_aranges
                0x0000000000000080       0x20 gcc/printf-stdarg.o
 .debug_aranges
                0x00000000000000a0       0x20 gcc/cli.o
 .debug_aranges
                0x00000000000000c0       0x20 gcc/list.o
 .debug_aranges
                0x00000000000000e0       0x20 gcc/queue.o
 .debug_aranges
                0x0000000000000100       0x20 gcc/tasks.o
 .debug_aranges
                0x0000000000000120       0x20 gcc/port.o
 .debug_aranges
                0x0000000000000140       0x20 gcc/heap_1.o
 .debug_aranges
                0x0000000000000160       0x20 gcc/serialISR.o
 .debug_aranges
                0x0000000000000180       0x20 gcc/serial.o
 .debug_aranges
                0x00000000000001a0       0x20 gcc/hello.o

.debug_line     0x0000000000000000     0x5322
 .debug_line    0x0000000000000000       0xdd gcc/startup.o
 .debug_line    0x00000000000000dd      0x230 gcc/main.o
 .debug_line    0x000000000000030d      0x51f gcc/FreeRTOS_CLI.o
 .debug_line    0x000000000000082c      0x3c0 gcc/UARTCommandConsole.o
 .debug_line    0x0000000000000bec      0x9e4 gcc/printf-stdarg.o
 .debug_line    0x00000000000015d0      0x2f3 gcc/cli.o
 .debug_line    0x00000000000018c3      0x2fa gcc/list.o
 .debug_line    0x0000000000001bbd      0xe94 gcc/queue.o
 .debug_line    0x0000000000002a51     0x1b70 gcc/tasks.o
 .debug_line    0x00000000000045c1      0x48a gcc/port.o
 .debug_line    0x0000000000004a4b      0x28e gcc/heap_1.o
 .debug_line    0x0000000000004cd9      0x229 gcc/serialISR.o
 .debug_line    0x0000000000004f02      0x272 gcc/serial.o
 .debug_line    0x0000000000005174      0x1ae gcc/hello.o

.debug_str      0x0000000000000000     0x2138
 .debug_str     0x0000000000000000      0x11b gcc/startup.o
                                        0x13a (size before relaxing)
 .debug_str     0x000000000000011b      0x211 gcc/main.o
                                        0x330 (size before relaxing)
 .debug_str     0x000000000000032c      0x31e gcc/FreeRTOS_CLI.o
                                        0x472 (size before relaxing)
 .debug_str     0x000000000000064a      0x1c4 gcc/UARTCommandConsole.o
                                        0x414 (size before relaxing)
 .debug_str     0x000000000000080e      0x187 gcc/printf-stdarg.o
                                        0x31f (size before relaxing)
 .debug_str     0x0000000000000995       0x81 gcc/cli.o
                                        0x2ca (size before relaxing)
 .debug_str     0x0000000000000a16      0x12b gcc/list.o
                                        0x2a4 (size before relaxing)
 .debug_str     0x0000000000000b41      0x609 gcc/queue.o
                                        0x95d (size before relaxing)
 .debug_str     0x000000000000114a      0xc59 gcc/tasks.o
                                       0x11b1 (size before relaxing)
 .debug_str     0x0000000000001da3      0x18f gcc/port.o
                                        0x476 (size before relaxing)
 .debug_str     0x0000000000001f32       0x9b gcc/heap_1.o
                                        0x22c (size before relaxing)
 .debug_str     0x0000000000001fcd       0xb1 gcc/serialISR.o
                                        0x293 (size before relaxing)
 .debug_str     0x000000000000207e       0x8f gcc/serial.o
                                        0x2eb (size before relaxing)
 .debug_str     0x000000000000210d       0x2b gcc/hello.o
                                        0x1d3 (size before relaxing)

.comment        0x0000000000000000      0x313
 .comment       0x0000000000000000       0x49 gcc/startup.o
                                         0x4a (size before relaxing)
 .comment       0x0000000000000049       0x4a gcc/main.o
 .comment       0x0000000000000049       0x4a gcc/FreeRTOS_CLI.o
 .comment       0x0000000000000049       0x4a gcc/UARTCommandConsole.o
 .comment       0x0000000000000049       0x4a gcc/printf-stdarg.o
 .comment       0x0000000000000049       0x4a gcc/cli.o
 .comment       0x0000000000000049       0x4a gcc/list.o
 .comment       0x0000000000000049       0x4a gcc/queue.o
 .comment       0x0000000000000049       0x4a gcc/tasks.o
 .comment       0x0000000000000049       0x4a gcc/port.o
 .comment       0x0000000000000049       0x4a gcc/heap_1.o
 .comment       0x0000000000000049       0x4a gcc/serialISR.o
 .comment       0x0000000000000049       0x4a gcc/serial.o
 .comment       0x0000000000000049       0x4a gcc/hello.o
 .comment       0x0000000000000049       0x22 hw_include/libdriver.a(gpio_dirmodeset_.o)
 .comment       0x000000000000006b       0x22 hw_include/libdriver.a(gpio_inttypeset_.o)
 .comment       0x000000000000008d       0x22 hw_include/libdriver.a(gpio_pinintclear_.o)
 .comment       0x00000000000000af       0x22 hw_include/libdriver.a(gpio_pinintenable_.o)
 .comment       0x00000000000000d1       0x22 hw_include/libdriver.a(interrupt_enable_.o)
 .comment       0x00000000000000f3       0x22 hw_include/libdriver.a(interrupt_priorityset_.o)
 .comment       0x0000000000000115       0x22 hw_include/libdriver.a(interrupt_pulregs_.o)
 .comment       0x0000000000000137       0x22 hw_include/libdriver.a(sysctl_clockget_.o)
 .comment       0x0000000000000159       0x22 hw_include/libdriver.a(sysctl_clockset_.o)
 .comment       0x000000000000017b       0x22 hw_include/libdriver.a(sysctl_peripheralenable_.o)
 .comment       0x000000000000019d       0x22 hw_include/libdriver.a(sysctl_pulrcgcregs_.o)
 .comment       0x00000000000001bf       0x22 hw_include/libdriver.a(sysctl_pulxtals_.o)
 .comment       0x00000000000001e1       0x22 hw_include/libdriver.a(uart_charnonblockingget_.o)
 .comment       0x0000000000000203       0x22 hw_include/libdriver.a(uart_charput_.o)
 .comment       0x0000000000000225       0x22 hw_include/libdriver.a(uart_configset_.o)
 .comment       0x0000000000000247       0x22 hw_include/libdriver.a(uart_disable_.o)
 .comment       0x0000000000000269       0x22 hw_include/libdriver.a(uart_enable_.o)
 .comment       0x000000000000028b       0x22 hw_include/libdriver.a(uart_intclear_.o)
 .comment       0x00000000000002ad       0x22 hw_include/libdriver.a(uart_intdisable_.o)
 .comment       0x00000000000002cf       0x22 hw_include/libdriver.a(uart_intenable_.o)
 .comment       0x00000000000002f1       0x22 hw_include/libdriver.a(uart_intstatus_.o)

.ARM.attributes
                0x0000000000000000       0x2f
 .ARM.attributes
                0x0000000000000000       0x2d gcc/startup.o
 .ARM.attributes
                0x000000000000002d       0x2d gcc/main.o
 .ARM.attributes
                0x000000000000005a       0x2d gcc/FreeRTOS_CLI.o
 .ARM.attributes
                0x0000000000000087       0x2d gcc/UARTCommandConsole.o
 .ARM.attributes
                0x00000000000000b4       0x2d gcc/printf-stdarg.o
 .ARM.attributes
                0x00000000000000e1       0x2d gcc/cli.o
 .ARM.attributes
                0x000000000000010e       0x2d gcc/list.o
 .ARM.attributes
                0x000000000000013b       0x2d gcc/queue.o
 .ARM.attributes
                0x0000000000000168       0x2d gcc/tasks.o
 .ARM.attributes
                0x0000000000000195       0x2d gcc/port.o
 .ARM.attributes
                0x00000000000001c2       0x2d gcc/heap_1.o
 .ARM.attributes
                0x00000000000001ef       0x2d gcc/serialISR.o
 .ARM.attributes
                0x000000000000021c       0x2d gcc/serial.o
 .ARM.attributes
                0x0000000000000249       0x2d gcc/hello.o
 .ARM.attributes
                0x0000000000000276       0x31 hw_include/libdriver.a(gpio_dirmodeset_.o)
 .ARM.attributes
                0x00000000000002a7       0x31 hw_include/libdriver.a(gpio_inttypeset_.o)
 .ARM.attributes
                0x00000000000002d8       0x31 hw_include/libdriver.a(gpio_pinintclear_.o)
 .ARM.attributes
                0x0000000000000309       0x31 hw_include/libdriver.a(gpio_pinintenable_.o)
 .ARM.attributes
                0x000000000000033a       0x31 hw_include/libdriver.a(interrupt_enable_.o)
 .ARM.attributes
                0x000000000000036b       0x31 hw_include/libdriver.a(interrupt_priorityset_.o)
 .ARM.attributes
                0x000000000000039c       0x2f hw_include/libdriver.a(interrupt_pulregs_.o)
 .ARM.attributes
                0x00000000000003cb       0x31 hw_include/libdriver.a(sysctl_clockget_.o)
 .ARM.attributes
                0x00000000000003fc       0x31 hw_include/libdriver.a(sysctl_clockset_.o)
 .ARM.attributes
                0x000000000000042d       0x31 hw_include/libdriver.a(sysctl_peripheralenable_.o)
 .ARM.attributes
                0x000000000000045e       0x2f hw_include/libdriver.a(sysctl_pulrcgcregs_.o)
 .ARM.attributes
                0x000000000000048d       0x2f hw_include/libdriver.a(sysctl_pulxtals_.o)
 .ARM.attributes
                0x00000000000004bc       0x31 hw_include/libdriver.a(uart_charnonblockingget_.o)
 .ARM.attributes
                0x00000000000004ed       0x31 hw_include/libdriver.a(uart_charput_.o)
 .ARM.attributes
                0x000000000000051e       0x31 hw_include/libdriver.a(uart_configset_.o)
 .ARM.attributes
                0x000000000000054f       0x31 hw_include/libdriver.a(uart_disable_.o)
 .ARM.attributes
                0x0000000000000580       0x31 hw_include/libdriver.a(uart_enable_.o)
 .ARM.attributes
                0x00000000000005b1       0x31 hw_include/libdriver.a(uart_intclear_.o)
 .ARM.attributes
                0x00000000000005e2       0x31 hw_include/libdriver.a(uart_intdisable_.o)
 .ARM.attributes
                0x0000000000000613       0x31 hw_include/libdriver.a(uart_intenable_.o)
 .ARM.attributes
                0x0000000000000644       0x31 hw_include/libdriver.a(uart_intstatus_.o)
 .ARM.attributes
                0x0000000000000675       0x2a /opt/cross-compile/gcc-arm-none-eabi-10.3-2021.10/bin/../lib/gcc/arm-none-eabi/10.3.1/../../../../arm-none-eabi/lib/thumb/nofp/libc.a(lib_a-memcpy-stub.o)
 .ARM.attributes
                0x000000000000069f       0x2a /opt/cross-compile/gcc-arm-none-eabi-10.3-2021.10/bin/../lib/gcc/arm-none-eabi/10.3.1/../../../../arm-none-eabi/lib/thumb/nofp/libc.a(lib_a-memset.o)
 .ARM.attributes
                0x00000000000006c9       0x2a /opt/cross-compile/gcc-arm-none-eabi-10.3-2021.10/bin/../lib/gcc/arm-none-eabi/10.3.1/../../../../arm-none-eabi/lib/thumb/nofp/libc.a(lib_a-strcpy.o)
 .ARM.attributes
                0x00000000000006f3       0x2a /opt/cross-compile/gcc-arm-none-eabi-10.3-2021.10/bin/../lib/gcc/arm-none-eabi/10.3.1/../../../../arm-none-eabi/lib/thumb/nofp/libc.a(lib_a-strlen-stub.o)
 .ARM.attributes
                0x000000000000071d       0x2a /opt/cross-compile/gcc-arm-none-eabi-10.3-2021.10/bin/../lib/gcc/arm-none-eabi/10.3.1/../../../../arm-none-eabi/lib/thumb/nofp/libc.a(lib_a-strncmp.o)
 .ARM.attributes
                0x0000000000000747       0x2a /opt/cross-compile/gcc-arm-none-eabi-10.3-2021.10/bin/../lib/gcc/arm-none-eabi/10.3.1/../../../../arm-none-eabi/lib/thumb/nofp/libc.a(lib_a-strncpy.o)

.debug_frame    0x0000000000000000      0xf44
 .debug_frame   0x0000000000000000       0x58 gcc/startup.o
 .debug_frame   0x0000000000000058       0x44 gcc/main.o
 .debug_frame   0x000000000000009c       0x8c gcc/FreeRTOS_CLI.o
 .debug_frame   0x0000000000000128       0x8c gcc/UARTCommandConsole.o
 .debug_frame   0x00000000000001b4      0x1a0 gcc/printf-stdarg.o
 .debug_frame   0x0000000000000354       0x5c gcc/cli.o
 .debug_frame   0x00000000000003b0       0x70 gcc/list.o
 .debug_frame   0x0000000000000420      0x290 gcc/queue.o
 .debug_frame   0x00000000000006b0      0x53c gcc/tasks.o
 .debug_frame   0x0000000000000bec       0xf4 gcc/port.o
 .debug_frame   0x0000000000000ce0       0x5c gcc/heap_1.o
 .debug_frame   0x0000000000000d3c       0x50 gcc/serialISR.o
 .debug_frame   0x0000000000000d8c       0x88 gcc/serial.o
 .debug_frame   0x0000000000000e14       0x28 gcc/hello.o
 .debug_frame   0x0000000000000e3c       0x34 /opt/cross-compile/gcc-arm-none-eabi-10.3-2021.10/bin/../lib/gcc/arm-none-eabi/10.3.1/../../../../arm-none-eabi/lib/thumb/nofp/libc.a(lib_a-memcpy-stub.o)
 .debug_frame   0x0000000000000e70       0x30 /opt/cross-compile/gcc-arm-none-eabi-10.3-2021.10/bin/../lib/gcc/arm-none-eabi/10.3.1/../../../../arm-none-eabi/lib/thumb/nofp/libc.a(lib_a-memset.o)
 .debug_frame   0x0000000000000ea0       0x20 /opt/cross-compile/gcc-arm-none-eabi-10.3-2021.10/bin/../lib/gcc/arm-none-eabi/10.3.1/../../../../arm-none-eabi/lib/thumb/nofp/libc.a(lib_a-strcpy.o)
 .debug_frame   0x0000000000000ec0       0x28 /opt/cross-compile/gcc-arm-none-eabi-10.3-2021.10/bin/../lib/gcc/arm-none-eabi/10.3.1/../../../../arm-none-eabi/lib/thumb/nofp/libc.a(lib_a-strlen-stub.o)
 .debug_frame   0x0000000000000ee8       0x2c /opt/cross-compile/gcc-arm-none-eabi-10.3-2021.10/bin/../lib/gcc/arm-none-eabi/10.3.1/../../../../arm-none-eabi/lib/thumb/nofp/libc.a(lib_a-strncmp.o)
 .debug_frame   0x0000000000000f14       0x30 /opt/cross-compile/gcc-arm-none-eabi-10.3-2021.10/bin/../lib/gcc/arm-none-eabi/10.3.1/../../../../arm-none-eabi/lib/thumb/nofp/libc.a(lib_a-strncpy.o)

.debug_ranges   0x0000000000000000      0x2a8
 .debug_ranges  0x0000000000000000       0x18 gcc/FreeRTOS_CLI.o
 .debug_ranges  0x0000000000000018       0x88 gcc/printf-stdarg.o
 .debug_ranges  0x00000000000000a0       0xc0 gcc/queue.o
 .debug_ranges  0x0000000000000160      0x130 gcc/tasks.o
 .debug_ranges  0x0000000000000290       0x18 gcc/serial.o
